<!doctype html public "-//w3c//dtd html 4.0 transitional//en">
<html><head>
<title>Static Call Graph - [.\Objects\Printf.axf]</title></head>
<body><HR>
<H1>Static Call Graph for image .\Objects\Printf.axf</H1><HR>
<BR><P>#&#060CALLGRAPH&#062# ARM Linker, 5060750: Last Updated: Wed Nov 12 11:36:41 2025
<BR><P>
<H3>Maximum Stack Usage =        352 bytes + Unknown(Cycles, Untraceable Function Pointers)</H3><H3>
Call chain for Maximum Stack Depth:</H3>
SystemInit &rArr; SystemTrimValueRead
<P>
<H3>
Mutually Recursive functions
</H3> <LI><a href="#[1b]">ADC_IRQHandler</a>&nbsp;&nbsp;&nbsp;&rArr;&nbsp;&nbsp;&nbsp;<a href="#[1b]">ADC_IRQHandler</a><BR>
 <LI><a href="#[2c]">system_delay_cycles</a>&nbsp;&nbsp;&nbsp;&rArr;&nbsp;&nbsp;&nbsp;<a href="#[2c]">system_delay_cycles</a><BR>
</UL>
<P>
<H3>
Function Pointers
</H3><UL>
 <LI><a href="#[1b]">ADC_IRQHandler</a> from startup_n32wb03x.o(.text) referenced from startup_n32wb03x.o(RESET)
 <LI><a href="#[18]">BLE_CRYPT_IRQHandler</a> from startup_n32wb03x.o(.text) referenced from startup_n32wb03x.o(RESET)
 <LI><a href="#[17]">BLE_ERROR_IRQHandler</a> from startup_n32wb03x.o(.text) referenced from startup_n32wb03x.o(RESET)
 <LI><a href="#[10]">BLE_FIFO_IRQHandler</a> from startup_n32wb03x.o(.text) referenced from startup_n32wb03x.o(RESET)
 <LI><a href="#[f]">BLE_FINETGT_IRQHandler</a> from startup_n32wb03x.o(.text) referenced from startup_n32wb03x.o(RESET)
 <LI><a href="#[9]">BLE_HSLOT_IRQHandler</a> from startup_n32wb03x.o(.text) referenced from startup_n32wb03x.o(RESET)
 <LI><a href="#[20]">BLE_SLP_IRQHandler</a> from startup_n32wb03x.o(.text) referenced from startup_n32wb03x.o(RESET)
 <LI><a href="#[7]">BLE_SW_IRQHandler</a> from startup_n32wb03x.o(.text) referenced from startup_n32wb03x.o(RESET)
 <LI><a href="#[19]">BLE_TIMESTAMP_TGT1_IRQHandler</a> from startup_n32wb03x.o(.text) referenced from startup_n32wb03x.o(RESET)
 <LI><a href="#[1e]">BLE_TIMESTAMP_TGT2_IRQHandler</a> from startup_n32wb03x.o(.text) referenced from startup_n32wb03x.o(RESET)
 <LI><a href="#[11]">DMA_Channel1_2_3_4_IRQHandler</a> from startup_n32wb03x.o(.text) referenced from startup_n32wb03x.o(RESET)
 <LI><a href="#[12]">DMA_Channel5_IRQHandler</a> from startup_n32wb03x.o(.text) referenced from startup_n32wb03x.o(RESET)
 <LI><a href="#[c]">EXTI0_1_IRQHandler</a> from startup_n32wb03x.o(.text) referenced from startup_n32wb03x.o(RESET)
 <LI><a href="#[d]">EXTI2_3_IRQHandler</a> from startup_n32wb03x.o(.text) referenced from startup_n32wb03x.o(RESET)
 <LI><a href="#[e]">EXTI4_12_IRQHandler</a> from startup_n32wb03x.o(.text) referenced from startup_n32wb03x.o(RESET)
 <LI><a href="#[a]">FLASH_IRQHandler</a> from startup_n32wb03x.o(.text) referenced from startup_n32wb03x.o(RESET)
 <LI><a href="#[2]">HardFault_Handler</a> from n32wb03x_it.o(.text) referenced from startup_n32wb03x.o(RESET)
 <LI><a href="#[1d]">I2C1_IRQHandler</a> from startup_n32wb03x.o(.text) referenced from startup_n32wb03x.o(RESET)
 <LI><a href="#[25]">IRC_IRQHandler</a> from startup_n32wb03x.o(.text) referenced from startup_n32wb03x.o(RESET)
 <LI><a href="#[21]">KEYSCAN_IRQHandler</a> from startup_n32wb03x.o(.text) referenced from startup_n32wb03x.o(RESET)
 <LI><a href="#[23]">LPUART1_IRQHandler</a> from startup_n32wb03x.o(.text) referenced from startup_n32wb03x.o(RESET)
 <LI><a href="#[1]">NMI_Handler</a> from n32wb03x_it.o(.text) referenced from startup_n32wb03x.o(RESET)
 <LI><a href="#[4]">PendSV_Handler</a> from n32wb03x_it.o(.text) referenced from startup_n32wb03x.o(RESET)
 <LI><a href="#[b]">RCC_IRQHandler</a> from startup_n32wb03x.o(.text) referenced from startup_n32wb03x.o(RESET)
 <LI><a href="#[15]">RESERVED_IRQHandler</a> from startup_n32wb03x.o(.text) referenced from startup_n32wb03x.o(RESET)
 <LI><a href="#[8]">RTC_IRQHandler</a> from startup_n32wb03x.o(.text) referenced from startup_n32wb03x.o(RESET)
 <LI><a href="#[0]">Reset_Handler</a> from startup_n32wb03x.o(.text) referenced from startup_n32wb03x.o(RESET)
 <LI><a href="#[1f]">SPI1_IRQHandler</a> from startup_n32wb03x.o(.text) referenced from startup_n32wb03x.o(RESET)
 <LI><a href="#[1c]">SPI2_IRQHandler</a> from startup_n32wb03x.o(.text) referenced from startup_n32wb03x.o(RESET)
 <LI><a href="#[3]">SVC_Handler</a> from n32wb03x_it.o(.text) referenced from startup_n32wb03x.o(RESET)
 <LI><a href="#[5]">SysTick_Handler</a> from n32wb03x_it.o(.text) referenced from startup_n32wb03x.o(RESET)
 <LI><a href="#[27]">SystemInit</a> from system_n32wb03x.o(.text) referenced from startup_n32wb03x.o(.text)
 <LI><a href="#[13]">TIM1_BRK_UP_TRG_COM_IRQHandler</a> from startup_n32wb03x.o(.text) referenced from startup_n32wb03x.o(RESET)
 <LI><a href="#[14]">TIM1_CC_IRQHandler</a> from startup_n32wb03x.o(.text) referenced from startup_n32wb03x.o(RESET)
 <LI><a href="#[16]">TIM3_IRQHandler</a> from startup_n32wb03x.o(.text) referenced from startup_n32wb03x.o(RESET)
 <LI><a href="#[1a]">TIM6_IRQHandler</a> from startup_n32wb03x.o(.text) referenced from startup_n32wb03x.o(RESET)
 <LI><a href="#[22]">USART1_IRQHandler</a> from startup_n32wb03x.o(.text) referenced from startup_n32wb03x.o(RESET)
 <LI><a href="#[24]">USART2_IRQHandler</a> from startup_n32wb03x.o(.text) referenced from startup_n32wb03x.o(RESET)
 <LI><a href="#[6]">WWDG_IRQHandler</a> from startup_n32wb03x.o(.text) referenced from startup_n32wb03x.o(RESET)
 <LI><a href="#[28]">__main</a> from entry.o(.ARM.Collect$$$$00000000) referenced from startup_n32wb03x.o(.text)
 <LI><a href="#[29]">fputc</a> from main.o(.text) referenced from printf8.o(i.__0printf$8)
 <LI><a href="#[26]">main</a> from main.o(.text) referenced from entry9a.o(.ARM.Collect$$$$0000000B)
</UL>
<P>
<H3>
Global Symbols
</H3>
<P><STRONG><a name="[28]"></a>__main</STRONG> (Thumb, 0 bytes, Stack size unknown bytes, entry.o(.ARM.Collect$$$$00000000))
<BR>[Address Reference Count : 1]<UL><LI> startup_n32wb03x.o(.text)
</UL>
<P><STRONG><a name="[84]"></a>_main_stk</STRONG> (Thumb, 0 bytes, Stack size unknown bytes, entry2.o(.ARM.Collect$$$$00000001))

<P><STRONG><a name="[2a]"></a>_main_scatterload</STRONG> (Thumb, 0 bytes, Stack size unknown bytes, entry5.o(.ARM.Collect$$$$00000004))
<BR><BR>[Calls]<UL><LI><a href="#[2b]">&gt;&gt;</a>&nbsp;&nbsp;&nbsp;__scatterload
</UL>

<P><STRONG><a name="[7f]"></a>__main_after_scatterload</STRONG> (Thumb, 0 bytes, Stack size unknown bytes, entry5.o(.ARM.Collect$$$$00000004))
<BR><BR>[Called By]<UL><LI><a href="#[2b]">&gt;&gt;</a>&nbsp;&nbsp;&nbsp;__scatterload
</UL>

<P><STRONG><a name="[85]"></a>_main_clock</STRONG> (Thumb, 0 bytes, Stack size unknown bytes, entry7b.o(.ARM.Collect$$$$00000008))

<P><STRONG><a name="[86]"></a>_main_cpp_init</STRONG> (Thumb, 0 bytes, Stack size unknown bytes, entry8b.o(.ARM.Collect$$$$0000000A))

<P><STRONG><a name="[87]"></a>_main_init</STRONG> (Thumb, 0 bytes, Stack size unknown bytes, entry9a.o(.ARM.Collect$$$$0000000B))

<P><STRONG><a name="[88]"></a>__rt_final_cpp</STRONG> (Thumb, 0 bytes, Stack size unknown bytes, entry10a.o(.ARM.Collect$$$$0000000D))

<P><STRONG><a name="[89]"></a>__rt_final_exit</STRONG> (Thumb, 0 bytes, Stack size unknown bytes, entry11a.o(.ARM.Collect$$$$0000000F))

<P><STRONG><a name="[8a]"></a>__asm___17_system_n32wb03x_c_f233b82c____REV16</STRONG> (Thumb, 4 bytes, Stack size 0 bytes, system_n32wb03x.o(.emb_text), UNUSED)

<P><STRONG><a name="[8b]"></a>__asm___17_system_n32wb03x_c_f233b82c____REVSH</STRONG> (Thumb, 4 bytes, Stack size 0 bytes, system_n32wb03x.o(.emb_text), UNUSED)

<P><STRONG><a name="[2c]"></a>system_delay_cycles</STRONG> (Thumb, 6 bytes, Stack size 0 bytes, system_n32wb03x.o(.emb_text))
<BR><BR>[Calls]<UL><LI><a href="#[2c]">&gt;&gt;</a>&nbsp;&nbsp;&nbsp;system_delay_cycles
</UL>
<BR>[Called By]<UL><LI><a href="#[33]">&gt;&gt;</a>&nbsp;&nbsp;&nbsp;system_delay_n_10us
<LI><a href="#[2c]">&gt;&gt;</a>&nbsp;&nbsp;&nbsp;system_delay_cycles
<LI><a href="#[32]">&gt;&gt;</a>&nbsp;&nbsp;&nbsp;RCC_HsiCalib
</UL>

<P><STRONG><a name="[0]"></a>Reset_Handler</STRONG> (Thumb, 8 bytes, Stack size 0 bytes, startup_n32wb03x.o(.text))
<BR>[Address Reference Count : 1]<UL><LI> startup_n32wb03x.o(RESET)
</UL>
<P><STRONG><a name="[1b]"></a>ADC_IRQHandler</STRONG> (Thumb, 0 bytes, Stack size 0 bytes, startup_n32wb03x.o(.text))
<BR><BR>[Calls]<UL><LI><a href="#[1b]">&gt;&gt;</a>&nbsp;&nbsp;&nbsp;ADC_IRQHandler
</UL>
<BR>[Called By]<UL><LI><a href="#[1b]">&gt;&gt;</a>&nbsp;&nbsp;&nbsp;ADC_IRQHandler
</UL>
<BR>[Address Reference Count : 1]<UL><LI> startup_n32wb03x.o(RESET)
</UL>
<P><STRONG><a name="[18]"></a>BLE_CRYPT_IRQHandler</STRONG> (Thumb, 0 bytes, Stack size 0 bytes, startup_n32wb03x.o(.text))
<BR>[Address Reference Count : 1]<UL><LI> startup_n32wb03x.o(RESET)
</UL>
<P><STRONG><a name="[17]"></a>BLE_ERROR_IRQHandler</STRONG> (Thumb, 0 bytes, Stack size 0 bytes, startup_n32wb03x.o(.text))
<BR>[Address Reference Count : 1]<UL><LI> startup_n32wb03x.o(RESET)
</UL>
<P><STRONG><a name="[10]"></a>BLE_FIFO_IRQHandler</STRONG> (Thumb, 0 bytes, Stack size 0 bytes, startup_n32wb03x.o(.text))
<BR>[Address Reference Count : 1]<UL><LI> startup_n32wb03x.o(RESET)
</UL>
<P><STRONG><a name="[f]"></a>BLE_FINETGT_IRQHandler</STRONG> (Thumb, 0 bytes, Stack size 0 bytes, startup_n32wb03x.o(.text))
<BR>[Address Reference Count : 1]<UL><LI> startup_n32wb03x.o(RESET)
</UL>
<P><STRONG><a name="[9]"></a>BLE_HSLOT_IRQHandler</STRONG> (Thumb, 0 bytes, Stack size 0 bytes, startup_n32wb03x.o(.text))
<BR>[Address Reference Count : 1]<UL><LI> startup_n32wb03x.o(RESET)
</UL>
<P><STRONG><a name="[20]"></a>BLE_SLP_IRQHandler</STRONG> (Thumb, 0 bytes, Stack size 0 bytes, startup_n32wb03x.o(.text))
<BR>[Address Reference Count : 1]<UL><LI> startup_n32wb03x.o(RESET)
</UL>
<P><STRONG><a name="[7]"></a>BLE_SW_IRQHandler</STRONG> (Thumb, 0 bytes, Stack size 0 bytes, startup_n32wb03x.o(.text))
<BR>[Address Reference Count : 1]<UL><LI> startup_n32wb03x.o(RESET)
</UL>
<P><STRONG><a name="[19]"></a>BLE_TIMESTAMP_TGT1_IRQHandler</STRONG> (Thumb, 0 bytes, Stack size 0 bytes, startup_n32wb03x.o(.text))
<BR>[Address Reference Count : 1]<UL><LI> startup_n32wb03x.o(RESET)
</UL>
<P><STRONG><a name="[1e]"></a>BLE_TIMESTAMP_TGT2_IRQHandler</STRONG> (Thumb, 0 bytes, Stack size 0 bytes, startup_n32wb03x.o(.text))
<BR>[Address Reference Count : 1]<UL><LI> startup_n32wb03x.o(RESET)
</UL>
<P><STRONG><a name="[11]"></a>DMA_Channel1_2_3_4_IRQHandler</STRONG> (Thumb, 0 bytes, Stack size 0 bytes, startup_n32wb03x.o(.text))
<BR>[Address Reference Count : 1]<UL><LI> startup_n32wb03x.o(RESET)
</UL>
<P><STRONG><a name="[12]"></a>DMA_Channel5_IRQHandler</STRONG> (Thumb, 0 bytes, Stack size 0 bytes, startup_n32wb03x.o(.text))
<BR>[Address Reference Count : 1]<UL><LI> startup_n32wb03x.o(RESET)
</UL>
<P><STRONG><a name="[c]"></a>EXTI0_1_IRQHandler</STRONG> (Thumb, 0 bytes, Stack size 0 bytes, startup_n32wb03x.o(.text))
<BR>[Address Reference Count : 1]<UL><LI> startup_n32wb03x.o(RESET)
</UL>
<P><STRONG><a name="[d]"></a>EXTI2_3_IRQHandler</STRONG> (Thumb, 0 bytes, Stack size 0 bytes, startup_n32wb03x.o(.text))
<BR>[Address Reference Count : 1]<UL><LI> startup_n32wb03x.o(RESET)
</UL>
<P><STRONG><a name="[e]"></a>EXTI4_12_IRQHandler</STRONG> (Thumb, 0 bytes, Stack size 0 bytes, startup_n32wb03x.o(.text))
<BR>[Address Reference Count : 1]<UL><LI> startup_n32wb03x.o(RESET)
</UL>
<P><STRONG><a name="[a]"></a>FLASH_IRQHandler</STRONG> (Thumb, 0 bytes, Stack size 0 bytes, startup_n32wb03x.o(.text))
<BR>[Address Reference Count : 1]<UL><LI> startup_n32wb03x.o(RESET)
</UL>
<P><STRONG><a name="[1d]"></a>I2C1_IRQHandler</STRONG> (Thumb, 0 bytes, Stack size 0 bytes, startup_n32wb03x.o(.text))
<BR>[Address Reference Count : 1]<UL><LI> startup_n32wb03x.o(RESET)
</UL>
<P><STRONG><a name="[25]"></a>IRC_IRQHandler</STRONG> (Thumb, 0 bytes, Stack size 0 bytes, startup_n32wb03x.o(.text))
<BR>[Address Reference Count : 1]<UL><LI> startup_n32wb03x.o(RESET)
</UL>
<P><STRONG><a name="[21]"></a>KEYSCAN_IRQHandler</STRONG> (Thumb, 0 bytes, Stack size 0 bytes, startup_n32wb03x.o(.text))
<BR>[Address Reference Count : 1]<UL><LI> startup_n32wb03x.o(RESET)
</UL>
<P><STRONG><a name="[23]"></a>LPUART1_IRQHandler</STRONG> (Thumb, 0 bytes, Stack size 0 bytes, startup_n32wb03x.o(.text))
<BR>[Address Reference Count : 1]<UL><LI> startup_n32wb03x.o(RESET)
</UL>
<P><STRONG><a name="[b]"></a>RCC_IRQHandler</STRONG> (Thumb, 0 bytes, Stack size 0 bytes, startup_n32wb03x.o(.text))
<BR>[Address Reference Count : 1]<UL><LI> startup_n32wb03x.o(RESET)
</UL>
<P><STRONG><a name="[15]"></a>RESERVED_IRQHandler</STRONG> (Thumb, 0 bytes, Stack size 0 bytes, startup_n32wb03x.o(.text))
<BR>[Address Reference Count : 1]<UL><LI> startup_n32wb03x.o(RESET)
</UL>
<P><STRONG><a name="[8]"></a>RTC_IRQHandler</STRONG> (Thumb, 0 bytes, Stack size 0 bytes, startup_n32wb03x.o(.text))
<BR>[Address Reference Count : 1]<UL><LI> startup_n32wb03x.o(RESET)
</UL>
<P><STRONG><a name="[1f]"></a>SPI1_IRQHandler</STRONG> (Thumb, 0 bytes, Stack size 0 bytes, startup_n32wb03x.o(.text))
<BR>[Address Reference Count : 1]<UL><LI> startup_n32wb03x.o(RESET)
</UL>
<P><STRONG><a name="[1c]"></a>SPI2_IRQHandler</STRONG> (Thumb, 0 bytes, Stack size 0 bytes, startup_n32wb03x.o(.text))
<BR>[Address Reference Count : 1]<UL><LI> startup_n32wb03x.o(RESET)
</UL>
<P><STRONG><a name="[13]"></a>TIM1_BRK_UP_TRG_COM_IRQHandler</STRONG> (Thumb, 0 bytes, Stack size 0 bytes, startup_n32wb03x.o(.text))
<BR>[Address Reference Count : 1]<UL><LI> startup_n32wb03x.o(RESET)
</UL>
<P><STRONG><a name="[14]"></a>TIM1_CC_IRQHandler</STRONG> (Thumb, 0 bytes, Stack size 0 bytes, startup_n32wb03x.o(.text))
<BR>[Address Reference Count : 1]<UL><LI> startup_n32wb03x.o(RESET)
</UL>
<P><STRONG><a name="[16]"></a>TIM3_IRQHandler</STRONG> (Thumb, 0 bytes, Stack size 0 bytes, startup_n32wb03x.o(.text))
<BR>[Address Reference Count : 1]<UL><LI> startup_n32wb03x.o(RESET)
</UL>
<P><STRONG><a name="[1a]"></a>TIM6_IRQHandler</STRONG> (Thumb, 0 bytes, Stack size 0 bytes, startup_n32wb03x.o(.text))
<BR>[Address Reference Count : 1]<UL><LI> startup_n32wb03x.o(RESET)
</UL>
<P><STRONG><a name="[22]"></a>USART1_IRQHandler</STRONG> (Thumb, 0 bytes, Stack size 0 bytes, startup_n32wb03x.o(.text))
<BR>[Address Reference Count : 1]<UL><LI> startup_n32wb03x.o(RESET)
</UL>
<P><STRONG><a name="[24]"></a>USART2_IRQHandler</STRONG> (Thumb, 0 bytes, Stack size 0 bytes, startup_n32wb03x.o(.text))
<BR>[Address Reference Count : 1]<UL><LI> startup_n32wb03x.o(RESET)
</UL>
<P><STRONG><a name="[6]"></a>WWDG_IRQHandler</STRONG> (Thumb, 0 bytes, Stack size 0 bytes, startup_n32wb03x.o(.text))
<BR>[Address Reference Count : 1]<UL><LI> startup_n32wb03x.o(RESET)
</UL>
<P><STRONG><a name="[2d]"></a>SystemTrimValueRead</STRONG> (Thumb, 60 bytes, Stack size 344 bytes, system_n32wb03x.o(.text))
<BR><BR>[Stack]<UL><LI>Max Depth = 344<LI>Call Chain = SystemTrimValueRead
</UL>
<BR>[Calls]<UL><LI><a href="#[2e]">&gt;&gt;</a>&nbsp;&nbsp;&nbsp;__aeabi_memcpy
</UL>
<BR>[Called By]<UL><LI><a href="#[31]">&gt;&gt;</a>&nbsp;&nbsp;&nbsp;SystemGetMacAddr
<LI><a href="#[30]">&gt;&gt;</a>&nbsp;&nbsp;&nbsp;SystemGetUUID
<LI><a href="#[2f]">&gt;&gt;</a>&nbsp;&nbsp;&nbsp;SystemTrimValueGet
<LI><a href="#[27]">&gt;&gt;</a>&nbsp;&nbsp;&nbsp;SystemInit
</UL>

<P><STRONG><a name="[2f]"></a>SystemTrimValueGet</STRONG> (Thumb, 54 bytes, Stack size 8 bytes, system_n32wb03x.o(.text), UNUSED)
<BR><BR>[Calls]<UL><LI><a href="#[2d]">&gt;&gt;</a>&nbsp;&nbsp;&nbsp;SystemTrimValueRead
</UL>

<P><STRONG><a name="[30]"></a>SystemGetUUID</STRONG> (Thumb, 56 bytes, Stack size 8 bytes, system_n32wb03x.o(.text), UNUSED)
<BR><BR>[Calls]<UL><LI><a href="#[2d]">&gt;&gt;</a>&nbsp;&nbsp;&nbsp;SystemTrimValueRead
</UL>

<P><STRONG><a name="[31]"></a>SystemGetMacAddr</STRONG> (Thumb, 56 bytes, Stack size 8 bytes, system_n32wb03x.o(.text), UNUSED)
<BR><BR>[Calls]<UL><LI><a href="#[2d]">&gt;&gt;</a>&nbsp;&nbsp;&nbsp;SystemTrimValueRead
</UL>

<P><STRONG><a name="[27]"></a>SystemInit</STRONG> (Thumb, 250 bytes, Stack size 8 bytes, system_n32wb03x.o(.text))
<BR><BR>[Stack]<UL><LI>Max Depth = 352<LI>Call Chain = SystemInit &rArr; SystemTrimValueRead
</UL>
<BR>[Calls]<UL><LI><a href="#[2d]">&gt;&gt;</a>&nbsp;&nbsp;&nbsp;SystemTrimValueRead
<LI><a href="#[32]">&gt;&gt;</a>&nbsp;&nbsp;&nbsp;RCC_HsiCalib
</UL>
<BR>[Address Reference Count : 1]<UL><LI> startup_n32wb03x.o(.text)
</UL>
<P><STRONG><a name="[8c]"></a>SystemCoreClockUpdate</STRONG> (Thumb, 8 bytes, Stack size 0 bytes, system_n32wb03x.o(.text), UNUSED)

<P><STRONG><a name="[33]"></a>system_delay_n_10us</STRONG> (Thumb, 16 bytes, Stack size 8 bytes, system_n32wb03x.o(.text), UNUSED)
<BR><BR>[Calls]<UL><LI><a href="#[2c]">&gt;&gt;</a>&nbsp;&nbsp;&nbsp;system_delay_cycles
</UL>

<P><STRONG><a name="[34]"></a>GPIO_DeInit</STRONG> (Thumb, 82 bytes, Stack size 8 bytes, n32wb03x_gpio.o(.text), UNUSED)
<BR><BR>[Calls]<UL><LI><a href="#[36]">&gt;&gt;</a>&nbsp;&nbsp;&nbsp;RCC_EnableAPB2PeriphReset
<LI><a href="#[35]">&gt;&gt;</a>&nbsp;&nbsp;&nbsp;assert_failed
</UL>

<P><STRONG><a name="[37]"></a>GPIO_DeInitPin</STRONG> (Thumb, 210 bytes, Stack size 24 bytes, n32wb03x_gpio.o(.text), UNUSED)
<BR><BR>[Calls]<UL><LI><a href="#[35]">&gt;&gt;</a>&nbsp;&nbsp;&nbsp;assert_failed
</UL>

<P><STRONG><a name="[38]"></a>GPIO_AFIOInitDefault</STRONG> (Thumb, 20 bytes, Stack size 8 bytes, n32wb03x_gpio.o(.text), UNUSED)
<BR><BR>[Calls]<UL><LI><a href="#[36]">&gt;&gt;</a>&nbsp;&nbsp;&nbsp;RCC_EnableAPB2PeriphReset
</UL>

<P><STRONG><a name="[39]"></a>GPIO_InitPeripheral</STRONG> (Thumb, 566 bytes, Stack size 24 bytes, n32wb03x_gpio.o(.text))
<BR><BR>[Stack]<UL><LI>Max Depth = 24<LI>Call Chain = GPIO_InitPeripheral
</UL>
<BR>[Calls]<UL><LI><a href="#[35]">&gt;&gt;</a>&nbsp;&nbsp;&nbsp;assert_failed
</UL>
<BR>[Called By]<UL><LI><a href="#[78]">&gt;&gt;</a>&nbsp;&nbsp;&nbsp;GPIO_Configuration
</UL>

<P><STRONG><a name="[79]"></a>GPIO_InitStruct</STRONG> (Thumb, 24 bytes, Stack size 0 bytes, n32wb03x_gpio.o(.text))
<BR><BR>[Called By]<UL><LI><a href="#[78]">&gt;&gt;</a>&nbsp;&nbsp;&nbsp;GPIO_Configuration
</UL>

<P><STRONG><a name="[3a]"></a>GPIO_ReadInputDataBit</STRONG> (Thumb, 496 bytes, Stack size 16 bytes, n32wb03x_gpio.o(.text), UNUSED)
<BR><BR>[Calls]<UL><LI><a href="#[35]">&gt;&gt;</a>&nbsp;&nbsp;&nbsp;assert_failed
</UL>

<P><STRONG><a name="[3b]"></a>GPIO_ReadInputData</STRONG> (Thumb, 36 bytes, Stack size 8 bytes, n32wb03x_gpio.o(.text), UNUSED)
<BR><BR>[Calls]<UL><LI><a href="#[35]">&gt;&gt;</a>&nbsp;&nbsp;&nbsp;assert_failed
</UL>

<P><STRONG><a name="[3c]"></a>GPIO_ReadOutputDataBit</STRONG> (Thumb, 114 bytes, Stack size 16 bytes, n32wb03x_gpio.o(.text), UNUSED)
<BR><BR>[Calls]<UL><LI><a href="#[35]">&gt;&gt;</a>&nbsp;&nbsp;&nbsp;assert_failed
</UL>

<P><STRONG><a name="[3d]"></a>GPIO_ReadOutputData</STRONG> (Thumb, 36 bytes, Stack size 8 bytes, n32wb03x_gpio.o(.text), UNUSED)
<BR><BR>[Calls]<UL><LI><a href="#[35]">&gt;&gt;</a>&nbsp;&nbsp;&nbsp;assert_failed
</UL>

<P><STRONG><a name="[3e]"></a>GPIO_SetBits</STRONG> (Thumb, 98 bytes, Stack size 16 bytes, n32wb03x_gpio.o(.text), UNUSED)
<BR><BR>[Calls]<UL><LI><a href="#[35]">&gt;&gt;</a>&nbsp;&nbsp;&nbsp;assert_failed
</UL>

<P><STRONG><a name="[3f]"></a>GPIO_ResetBits</STRONG> (Thumb, 98 bytes, Stack size 16 bytes, n32wb03x_gpio.o(.text), UNUSED)
<BR><BR>[Calls]<UL><LI><a href="#[35]">&gt;&gt;</a>&nbsp;&nbsp;&nbsp;assert_failed
</UL>

<P><STRONG><a name="[40]"></a>GPIO_WriteBit</STRONG> (Thumb, 130 bytes, Stack size 16 bytes, n32wb03x_gpio.o(.text), UNUSED)
<BR><BR>[Calls]<UL><LI><a href="#[35]">&gt;&gt;</a>&nbsp;&nbsp;&nbsp;assert_failed
</UL>

<P><STRONG><a name="[41]"></a>GPIO_Write</STRONG> (Thumb, 36 bytes, Stack size 16 bytes, n32wb03x_gpio.o(.text), UNUSED)
<BR><BR>[Calls]<UL><LI><a href="#[35]">&gt;&gt;</a>&nbsp;&nbsp;&nbsp;assert_failed
</UL>

<P><STRONG><a name="[42]"></a>GPIO_TogglePin</STRONG> (Thumb, 138 bytes, Stack size 16 bytes, n32wb03x_gpio.o(.text), UNUSED)
<BR><BR>[Calls]<UL><LI><a href="#[35]">&gt;&gt;</a>&nbsp;&nbsp;&nbsp;assert_failed
</UL>

<P><STRONG><a name="[43]"></a>GPIO_ConfigPinLock</STRONG> (Thumb, 116 bytes, Stack size 16 bytes, n32wb03x_gpio.o(.text), UNUSED)
<BR><BR>[Calls]<UL><LI><a href="#[35]">&gt;&gt;</a>&nbsp;&nbsp;&nbsp;assert_failed
</UL>

<P><STRONG><a name="[44]"></a>GPIO_ConfigEXTILine</STRONG> (Thumb, 744 bytes, Stack size 16 bytes, n32wb03x_gpio.o(.text), UNUSED)
<BR><BR>[Calls]<UL><LI><a href="#[45]">&gt;&gt;</a>&nbsp;&nbsp;&nbsp;__ARM_common_switch8
<LI><a href="#[35]">&gt;&gt;</a>&nbsp;&nbsp;&nbsp;assert_failed
</UL>

<P><STRONG><a name="[46]"></a>GPIO_ConfigPinRemap</STRONG> (Thumb, 214 bytes, Stack size 32 bytes, n32wb03x_gpio.o(.text), UNUSED)
<BR><BR>[Calls]<UL><LI><a href="#[35]">&gt;&gt;</a>&nbsp;&nbsp;&nbsp;assert_failed
</UL>

<P><STRONG><a name="[47]"></a>AFIO_ConfigSPINSSMode</STRONG> (Thumb, 86 bytes, Stack size 16 bytes, n32wb03x_gpio.o(.text), UNUSED)
<BR><BR>[Calls]<UL><LI><a href="#[35]">&gt;&gt;</a>&nbsp;&nbsp;&nbsp;assert_failed
</UL>

<P><STRONG><a name="[48]"></a>LPUART_DeInit</STRONG> (Thumb, 56 bytes, Stack size 8 bytes, n32wb03x_lpuart.o(.text))
<BR><BR>[Stack]<UL><LI>Max Depth = 8<LI>Call Chain = LPUART_DeInit
</UL>
<BR>[Calls]<UL><LI><a href="#[35]">&gt;&gt;</a>&nbsp;&nbsp;&nbsp;assert_failed
</UL>
<BR>[Called By]<UL><LI><a href="#[26]">&gt;&gt;</a>&nbsp;&nbsp;&nbsp;main
</UL>

<P><STRONG><a name="[49]"></a>LPUART_ConfigSamplingMethod</STRONG> (Thumb, 68 bytes, Stack size 16 bytes, n32wb03x_lpuart.o(.text))
<BR><BR>[Stack]<UL><LI>Max Depth = 16<LI>Call Chain = LPUART_ConfigSamplingMethod
</UL>
<BR>[Calls]<UL><LI><a href="#[35]">&gt;&gt;</a>&nbsp;&nbsp;&nbsp;assert_failed
</UL>
<BR>[Called By]<UL><LI><a href="#[4a]">&gt;&gt;</a>&nbsp;&nbsp;&nbsp;LPUART_Init
</UL>

<P><STRONG><a name="[4a]"></a>LPUART_Init</STRONG> (Thumb, 454 bytes, Stack size 72 bytes, n32wb03x_lpuart.o(.text))
<BR><BR>[Stack]<UL><LI>Max Depth = 88<LI>Call Chain = LPUART_Init &rArr; LPUART_ConfigSamplingMethod
</UL>
<BR>[Calls]<UL><LI><a href="#[4d]">&gt;&gt;</a>&nbsp;&nbsp;&nbsp;__aeabi_uidivmod
<LI><a href="#[4b]">&gt;&gt;</a>&nbsp;&nbsp;&nbsp;RCC_GetLpuartClkSrc
<LI><a href="#[4c]">&gt;&gt;</a>&nbsp;&nbsp;&nbsp;RCC_GetClocksFreqValue
<LI><a href="#[49]">&gt;&gt;</a>&nbsp;&nbsp;&nbsp;LPUART_ConfigSamplingMethod
<LI><a href="#[35]">&gt;&gt;</a>&nbsp;&nbsp;&nbsp;assert_failed
</UL>
<BR>[Called By]<UL><LI><a href="#[26]">&gt;&gt;</a>&nbsp;&nbsp;&nbsp;main
</UL>

<P><STRONG><a name="[8d]"></a>LPUART_StructInit</STRONG> (Thumb, 24 bytes, Stack size 0 bytes, n32wb03x_lpuart.o(.text), UNUSED)

<P><STRONG><a name="[4e]"></a>LPUART_GetFlagStatus</STRONG> (Thumb, 100 bytes, Stack size 16 bytes, n32wb03x_lpuart.o(.text))
<BR><BR>[Stack]<UL><LI>Max Depth = 16<LI>Call Chain = LPUART_GetFlagStatus
</UL>
<BR>[Calls]<UL><LI><a href="#[35]">&gt;&gt;</a>&nbsp;&nbsp;&nbsp;assert_failed
</UL>
<BR>[Called By]<UL><LI><a href="#[29]">&gt;&gt;</a>&nbsp;&nbsp;&nbsp;fputc
<LI><a href="#[4f]">&gt;&gt;</a>&nbsp;&nbsp;&nbsp;LPUART_FlushRxFifo
</UL>

<P><STRONG><a name="[4f]"></a>LPUART_FlushRxFifo</STRONG> (Thumb, 54 bytes, Stack size 8 bytes, n32wb03x_lpuart.o(.text), UNUSED)
<BR><BR>[Calls]<UL><LI><a href="#[4e]">&gt;&gt;</a>&nbsp;&nbsp;&nbsp;LPUART_GetFlagStatus
<LI><a href="#[35]">&gt;&gt;</a>&nbsp;&nbsp;&nbsp;assert_failed
</UL>

<P><STRONG><a name="[50]"></a>LPUART_ConfigInt</STRONG> (Thumb, 136 bytes, Stack size 16 bytes, n32wb03x_lpuart.o(.text), UNUSED)
<BR><BR>[Calls]<UL><LI><a href="#[35]">&gt;&gt;</a>&nbsp;&nbsp;&nbsp;assert_failed
</UL>

<P><STRONG><a name="[51]"></a>LPUART_EnableDMA</STRONG> (Thumb, 560 bytes, Stack size 16 bytes, n32wb03x_lpuart.o(.text), UNUSED)
<BR><BR>[Calls]<UL><LI><a href="#[35]">&gt;&gt;</a>&nbsp;&nbsp;&nbsp;assert_failed
</UL>

<P><STRONG><a name="[52]"></a>LPUART_ConfigWakeUpMethod</STRONG> (Thumb, 82 bytes, Stack size 16 bytes, n32wb03x_lpuart.o(.text), UNUSED)
<BR><BR>[Calls]<UL><LI><a href="#[35]">&gt;&gt;</a>&nbsp;&nbsp;&nbsp;assert_failed
</UL>

<P><STRONG><a name="[53]"></a>LPUART_EnableWakeUpStop</STRONG> (Thumb, 72 bytes, Stack size 16 bytes, n32wb03x_lpuart.o(.text), UNUSED)
<BR><BR>[Calls]<UL><LI><a href="#[35]">&gt;&gt;</a>&nbsp;&nbsp;&nbsp;assert_failed
</UL>

<P><STRONG><a name="[54]"></a>LPUART_EnableLoopBack</STRONG> (Thumb, 72 bytes, Stack size 16 bytes, n32wb03x_lpuart.o(.text), UNUSED)
<BR><BR>[Calls]<UL><LI><a href="#[35]">&gt;&gt;</a>&nbsp;&nbsp;&nbsp;assert_failed
</UL>

<P><STRONG><a name="[55]"></a>LPUART_SendData</STRONG> (Thumb, 48 bytes, Stack size 16 bytes, n32wb03x_lpuart.o(.text))
<BR><BR>[Stack]<UL><LI>Max Depth = 16<LI>Call Chain = LPUART_SendData
</UL>
<BR>[Calls]<UL><LI><a href="#[35]">&gt;&gt;</a>&nbsp;&nbsp;&nbsp;assert_failed
</UL>
<BR>[Called By]<UL><LI><a href="#[29]">&gt;&gt;</a>&nbsp;&nbsp;&nbsp;fputc
</UL>

<P><STRONG><a name="[56]"></a>LPUART_ReceiveData</STRONG> (Thumb, 28 bytes, Stack size 8 bytes, n32wb03x_lpuart.o(.text), UNUSED)
<BR><BR>[Calls]<UL><LI><a href="#[35]">&gt;&gt;</a>&nbsp;&nbsp;&nbsp;assert_failed
</UL>

<P><STRONG><a name="[57]"></a>LPUART_ConfigWakeUpData</STRONG> (Thumb, 30 bytes, Stack size 16 bytes, n32wb03x_lpuart.o(.text), UNUSED)
<BR><BR>[Calls]<UL><LI><a href="#[35]">&gt;&gt;</a>&nbsp;&nbsp;&nbsp;assert_failed
</UL>

<P><STRONG><a name="[58]"></a>LPUART_ClrFlag</STRONG> (Thumb, 54 bytes, Stack size 16 bytes, n32wb03x_lpuart.o(.text))
<BR><BR>[Stack]<UL><LI>Max Depth = 16<LI>Call Chain = LPUART_ClrFlag
</UL>
<BR>[Calls]<UL><LI><a href="#[35]">&gt;&gt;</a>&nbsp;&nbsp;&nbsp;assert_failed
</UL>
<BR>[Called By]<UL><LI><a href="#[29]">&gt;&gt;</a>&nbsp;&nbsp;&nbsp;fputc
</UL>

<P><STRONG><a name="[59]"></a>LPUART_GetIntStatus</STRONG> (Thumb, 140 bytes, Stack size 24 bytes, n32wb03x_lpuart.o(.text), UNUSED)
<BR><BR>[Calls]<UL><LI><a href="#[35]">&gt;&gt;</a>&nbsp;&nbsp;&nbsp;assert_failed
</UL>

<P><STRONG><a name="[5a]"></a>LPUART_ClrIntPendingBit</STRONG> (Thumb, 98 bytes, Stack size 16 bytes, n32wb03x_lpuart.o(.text), UNUSED)
<BR><BR>[Calls]<UL><LI><a href="#[35]">&gt;&gt;</a>&nbsp;&nbsp;&nbsp;assert_failed
</UL>

<P><STRONG><a name="[8e]"></a>RCC_DeInit</STRONG> (Thumb, 76 bytes, Stack size 0 bytes, n32wb03x_rcc.o(.text), UNUSED)

<P><STRONG><a name="[5b]"></a>RCC_ConfigHse</STRONG> (Thumb, 72 bytes, Stack size 8 bytes, n32wb03x_rcc.o(.text), UNUSED)
<BR><BR>[Calls]<UL><LI><a href="#[35]">&gt;&gt;</a>&nbsp;&nbsp;&nbsp;assert_failed
</UL>

<P><STRONG><a name="[5c]"></a>RCC_GetFlagStatus</STRONG> (Thumb, 108 bytes, Stack size 24 bytes, n32wb03x_rcc.o(.text))
<BR><BR>[Stack]<UL><LI>Max Depth = 24<LI>Call Chain = RCC_GetFlagStatus
</UL>
<BR>[Calls]<UL><LI><a href="#[35]">&gt;&gt;</a>&nbsp;&nbsp;&nbsp;assert_failed
</UL>
<BR>[Called By]<UL><LI><a href="#[7a]">&gt;&gt;</a>&nbsp;&nbsp;&nbsp;RCC_Configuration
<LI><a href="#[5f]">&gt;&gt;</a>&nbsp;&nbsp;&nbsp;RCC_WaitHsiStable
<LI><a href="#[5d]">&gt;&gt;</a>&nbsp;&nbsp;&nbsp;RCC_WaitHseStable
</UL>

<P><STRONG><a name="[5d]"></a>RCC_WaitHseStable</STRONG> (Thumb, 60 bytes, Stack size 16 bytes, n32wb03x_rcc.o(.text), UNUSED)
<BR><BR>[Calls]<UL><LI><a href="#[5c]">&gt;&gt;</a>&nbsp;&nbsp;&nbsp;RCC_GetFlagStatus
</UL>

<P><STRONG><a name="[5e]"></a>RCC_ConfigHsi</STRONG> (Thumb, 60 bytes, Stack size 8 bytes, n32wb03x_rcc.o(.text), UNUSED)
<BR><BR>[Calls]<UL><LI><a href="#[35]">&gt;&gt;</a>&nbsp;&nbsp;&nbsp;assert_failed
</UL>

<P><STRONG><a name="[5f]"></a>RCC_WaitHsiStable</STRONG> (Thumb, 60 bytes, Stack size 16 bytes, n32wb03x_rcc.o(.text), UNUSED)
<BR><BR>[Calls]<UL><LI><a href="#[5c]">&gt;&gt;</a>&nbsp;&nbsp;&nbsp;RCC_GetFlagStatus
</UL>

<P><STRONG><a name="[60]"></a>RCC_EnableHsi</STRONG> (Thumb, 56 bytes, Stack size 8 bytes, n32wb03x_rcc.o(.text), UNUSED)
<BR><BR>[Calls]<UL><LI><a href="#[35]">&gt;&gt;</a>&nbsp;&nbsp;&nbsp;assert_failed
</UL>

<P><STRONG><a name="[61]"></a>RCC_ConfigSysclk</STRONG> (Thumb, 48 bytes, Stack size 16 bytes, n32wb03x_rcc.o(.text), UNUSED)
<BR><BR>[Calls]<UL><LI><a href="#[35]">&gt;&gt;</a>&nbsp;&nbsp;&nbsp;assert_failed
</UL>

<P><STRONG><a name="[8f]"></a>RCC_GetSysclkSrc</STRONG> (Thumb, 10 bytes, Stack size 0 bytes, n32wb03x_rcc.o(.text), UNUSED)

<P><STRONG><a name="[62]"></a>RCC_ConfigHclk</STRONG> (Thumb, 56 bytes, Stack size 16 bytes, n32wb03x_rcc.o(.text), UNUSED)
<BR><BR>[Calls]<UL><LI><a href="#[35]">&gt;&gt;</a>&nbsp;&nbsp;&nbsp;assert_failed
</UL>

<P><STRONG><a name="[63]"></a>RCC_ConfigPclk1</STRONG> (Thumb, 82 bytes, Stack size 16 bytes, n32wb03x_rcc.o(.text), UNUSED)
<BR><BR>[Calls]<UL><LI><a href="#[35]">&gt;&gt;</a>&nbsp;&nbsp;&nbsp;assert_failed
</UL>

<P><STRONG><a name="[64]"></a>RCC_ConfigPclk2</STRONG> (Thumb, 80 bytes, Stack size 16 bytes, n32wb03x_rcc.o(.text), UNUSED)
<BR><BR>[Calls]<UL><LI><a href="#[35]">&gt;&gt;</a>&nbsp;&nbsp;&nbsp;assert_failed
</UL>

<P><STRONG><a name="[65]"></a>RCC_ConfigInt</STRONG> (Thumb, 90 bytes, Stack size 16 bytes, n32wb03x_rcc.o(.text), UNUSED)
<BR><BR>[Calls]<UL><LI><a href="#[35]">&gt;&gt;</a>&nbsp;&nbsp;&nbsp;assert_failed
</UL>

<P><STRONG><a name="[66]"></a>RCC_ConfigTim1Clk</STRONG> (Thumb, 52 bytes, Stack size 16 bytes, n32wb03x_rcc.o(.text), UNUSED)
<BR><BR>[Calls]<UL><LI><a href="#[35]">&gt;&gt;</a>&nbsp;&nbsp;&nbsp;assert_failed
</UL>

<P><STRONG><a name="[67]"></a>RCC_ConfigAdcClk</STRONG> (Thumb, 52 bytes, Stack size 16 bytes, n32wb03x_rcc.o(.text), UNUSED)
<BR><BR>[Calls]<UL><LI><a href="#[35]">&gt;&gt;</a>&nbsp;&nbsp;&nbsp;assert_failed
</UL>

<P><STRONG><a name="[68]"></a>RCC_ConfigLpuartClk</STRONG> (Thumb, 418 bytes, Stack size 16 bytes, n32wb03x_rcc.o(.text))
<BR><BR>[Stack]<UL><LI>Max Depth = 16<LI>Call Chain = RCC_ConfigLpuartClk
</UL>
<BR>[Calls]<UL><LI><a href="#[35]">&gt;&gt;</a>&nbsp;&nbsp;&nbsp;assert_failed
</UL>
<BR>[Called By]<UL><LI><a href="#[7a]">&gt;&gt;</a>&nbsp;&nbsp;&nbsp;RCC_Configuration
</UL>

<P><STRONG><a name="[4b]"></a>RCC_GetLpuartClkSrc</STRONG> (Thumb, 12 bytes, Stack size 0 bytes, n32wb03x_rcc.o(.text))
<BR><BR>[Called By]<UL><LI><a href="#[26]">&gt;&gt;</a>&nbsp;&nbsp;&nbsp;main
<LI><a href="#[4a]">&gt;&gt;</a>&nbsp;&nbsp;&nbsp;LPUART_Init
</UL>

<P><STRONG><a name="[69]"></a>RCC_EnableLpuartClk</STRONG> (Thumb, 60 bytes, Stack size 8 bytes, n32wb03x_rcc.o(.text))
<BR><BR>[Stack]<UL><LI>Max Depth = 8<LI>Call Chain = RCC_EnableLpuartClk
</UL>
<BR>[Calls]<UL><LI><a href="#[35]">&gt;&gt;</a>&nbsp;&nbsp;&nbsp;assert_failed
</UL>
<BR>[Called By]<UL><LI><a href="#[7a]">&gt;&gt;</a>&nbsp;&nbsp;&nbsp;RCC_Configuration
</UL>

<P><STRONG><a name="[6a]"></a>RCC_ConfigLse</STRONG> (Thumb, 84 bytes, Stack size 8 bytes, n32wb03x_rcc.o(.text), UNUSED)
<BR><BR>[Calls]<UL><LI><a href="#[35]">&gt;&gt;</a>&nbsp;&nbsp;&nbsp;assert_failed
</UL>

<P><STRONG><a name="[6b]"></a>RCC_EnableLsi</STRONG> (Thumb, 58 bytes, Stack size 8 bytes, n32wb03x_rcc.o(.text))
<BR><BR>[Stack]<UL><LI>Max Depth = 8<LI>Call Chain = RCC_EnableLsi
</UL>
<BR>[Calls]<UL><LI><a href="#[35]">&gt;&gt;</a>&nbsp;&nbsp;&nbsp;assert_failed
</UL>
<BR>[Called By]<UL><LI><a href="#[7a]">&gt;&gt;</a>&nbsp;&nbsp;&nbsp;RCC_Configuration
</UL>

<P><STRONG><a name="[6c]"></a>RCC_ConfigLSXSEL</STRONG> (Thumb, 48 bytes, Stack size 8 bytes, n32wb03x_rcc.o(.text))
<BR><BR>[Stack]<UL><LI>Max Depth = 8<LI>Call Chain = RCC_ConfigLSXSEL
</UL>
<BR>[Calls]<UL><LI><a href="#[35]">&gt;&gt;</a>&nbsp;&nbsp;&nbsp;assert_failed
</UL>
<BR>[Called By]<UL><LI><a href="#[7a]">&gt;&gt;</a>&nbsp;&nbsp;&nbsp;RCC_Configuration
</UL>

<P><STRONG><a name="[90]"></a>RCC_GetRTCClkSrc</STRONG> (Thumb, 10 bytes, Stack size 0 bytes, n32wb03x_rcc.o(.text), UNUSED)

<P><STRONG><a name="[6d]"></a>RCC_EnableRtcClk</STRONG> (Thumb, 60 bytes, Stack size 8 bytes, n32wb03x_rcc.o(.text), UNUSED)
<BR><BR>[Calls]<UL><LI><a href="#[35]">&gt;&gt;</a>&nbsp;&nbsp;&nbsp;assert_failed
</UL>

<P><STRONG><a name="[6e]"></a>RCC_EnableRTCReset</STRONG> (Thumb, 62 bytes, Stack size 8 bytes, n32wb03x_rcc.o(.text), UNUSED)
<BR><BR>[Calls]<UL><LI><a href="#[35]">&gt;&gt;</a>&nbsp;&nbsp;&nbsp;assert_failed
</UL>

<P><STRONG><a name="[4c]"></a>RCC_GetClocksFreqValue</STRONG> (Thumb, 140 bytes, Stack size 8 bytes, n32wb03x_rcc.o(.text))
<BR><BR>[Stack]<UL><LI>Max Depth = 8<LI>Call Chain = RCC_GetClocksFreqValue
</UL>
<BR>[Called By]<UL><LI><a href="#[4a]">&gt;&gt;</a>&nbsp;&nbsp;&nbsp;LPUART_Init
</UL>

<P><STRONG><a name="[6f]"></a>RCC_EnableAHBPeriphClk</STRONG> (Thumb, 82 bytes, Stack size 16 bytes, n32wb03x_rcc.o(.text), UNUSED)
<BR><BR>[Calls]<UL><LI><a href="#[35]">&gt;&gt;</a>&nbsp;&nbsp;&nbsp;assert_failed
</UL>

<P><STRONG><a name="[70]"></a>RCC_EnableAPB2PeriphClk</STRONG> (Thumb, 82 bytes, Stack size 16 bytes, n32wb03x_rcc.o(.text))
<BR><BR>[Stack]<UL><LI>Max Depth = 16<LI>Call Chain = RCC_EnableAPB2PeriphClk
</UL>
<BR>[Calls]<UL><LI><a href="#[35]">&gt;&gt;</a>&nbsp;&nbsp;&nbsp;assert_failed
</UL>
<BR>[Called By]<UL><LI><a href="#[78]">&gt;&gt;</a>&nbsp;&nbsp;&nbsp;GPIO_Configuration
</UL>

<P><STRONG><a name="[71]"></a>RCC_EnableAPB1PeriphClk</STRONG> (Thumb, 82 bytes, Stack size 16 bytes, n32wb03x_rcc.o(.text), UNUSED)
<BR><BR>[Calls]<UL><LI><a href="#[35]">&gt;&gt;</a>&nbsp;&nbsp;&nbsp;assert_failed
</UL>

<P><STRONG><a name="[72]"></a>RCC_EnableAHBPeriphReset</STRONG> (Thumb, 80 bytes, Stack size 16 bytes, n32wb03x_rcc.o(.text), UNUSED)
<BR><BR>[Calls]<UL><LI><a href="#[35]">&gt;&gt;</a>&nbsp;&nbsp;&nbsp;assert_failed
</UL>

<P><STRONG><a name="[36]"></a>RCC_EnableAPB2PeriphReset</STRONG> (Thumb, 384 bytes, Stack size 16 bytes, n32wb03x_rcc.o(.text), UNUSED)
<BR><BR>[Calls]<UL><LI><a href="#[35]">&gt;&gt;</a>&nbsp;&nbsp;&nbsp;assert_failed
</UL>
<BR>[Called By]<UL><LI><a href="#[38]">&gt;&gt;</a>&nbsp;&nbsp;&nbsp;GPIO_AFIOInitDefault
<LI><a href="#[34]">&gt;&gt;</a>&nbsp;&nbsp;&nbsp;GPIO_DeInit
</UL>

<P><STRONG><a name="[73]"></a>RCC_EnableAPB1PeriphReset</STRONG> (Thumb, 80 bytes, Stack size 16 bytes, n32wb03x_rcc.o(.text), UNUSED)
<BR><BR>[Calls]<UL><LI><a href="#[35]">&gt;&gt;</a>&nbsp;&nbsp;&nbsp;assert_failed
</UL>

<P><STRONG><a name="[74]"></a>RCC_ConfigMco</STRONG> (Thumb, 74 bytes, Stack size 16 bytes, n32wb03x_rcc.o(.text), UNUSED)
<BR><BR>[Calls]<UL><LI><a href="#[35]">&gt;&gt;</a>&nbsp;&nbsp;&nbsp;assert_failed
</UL>

<P><STRONG><a name="[91]"></a>RCC_ClrFlag</STRONG> (Thumb, 24 bytes, Stack size 0 bytes, n32wb03x_rcc.o(.text), UNUSED)

<P><STRONG><a name="[75]"></a>RCC_GetIntStatus</STRONG> (Thumb, 56 bytes, Stack size 16 bytes, n32wb03x_rcc.o(.text), UNUSED)
<BR><BR>[Calls]<UL><LI><a href="#[35]">&gt;&gt;</a>&nbsp;&nbsp;&nbsp;assert_failed
</UL>

<P><STRONG><a name="[76]"></a>RCC_ClrIntPendingBit</STRONG> (Thumb, 56 bytes, Stack size 8 bytes, n32wb03x_rcc.o(.text), UNUSED)
<BR><BR>[Calls]<UL><LI><a href="#[35]">&gt;&gt;</a>&nbsp;&nbsp;&nbsp;assert_failed
</UL>

<P><STRONG><a name="[77]"></a>RCC_Enable_ADC_CLK_SRC_AUDIOPLL</STRONG> (Thumb, 60 bytes, Stack size 8 bytes, n32wb03x_rcc.o(.text), UNUSED)
<BR><BR>[Calls]<UL><LI><a href="#[35]">&gt;&gt;</a>&nbsp;&nbsp;&nbsp;assert_failed
</UL>

<P><STRONG><a name="[92]"></a>DBG_ConfigPeriph</STRONG> (Thumb, 36 bytes, Stack size 0 bytes, n32wb03x_rcc.o(.text), UNUSED)

<P><STRONG><a name="[78]"></a>GPIO_Configuration</STRONG> (Thumb, 60 bytes, Stack size 32 bytes, main.o(.text))
<BR><BR>[Stack]<UL><LI>Max Depth = 56<LI>Call Chain = GPIO_Configuration &rArr; GPIO_InitPeripheral
</UL>
<BR>[Calls]<UL><LI><a href="#[70]">&gt;&gt;</a>&nbsp;&nbsp;&nbsp;RCC_EnableAPB2PeriphClk
<LI><a href="#[79]">&gt;&gt;</a>&nbsp;&nbsp;&nbsp;GPIO_InitStruct
<LI><a href="#[39]">&gt;&gt;</a>&nbsp;&nbsp;&nbsp;GPIO_InitPeripheral
</UL>
<BR>[Called By]<UL><LI><a href="#[26]">&gt;&gt;</a>&nbsp;&nbsp;&nbsp;main
</UL>

<P><STRONG><a name="[7a]"></a>RCC_Configuration</STRONG> (Thumb, 68 bytes, Stack size 8 bytes, main.o(.text))
<BR><BR>[Stack]<UL><LI>Max Depth = 32<LI>Call Chain = RCC_Configuration &rArr; RCC_GetFlagStatus
</UL>
<BR>[Calls]<UL><LI><a href="#[6c]">&gt;&gt;</a>&nbsp;&nbsp;&nbsp;RCC_ConfigLSXSEL
<LI><a href="#[6b]">&gt;&gt;</a>&nbsp;&nbsp;&nbsp;RCC_EnableLsi
<LI><a href="#[69]">&gt;&gt;</a>&nbsp;&nbsp;&nbsp;RCC_EnableLpuartClk
<LI><a href="#[68]">&gt;&gt;</a>&nbsp;&nbsp;&nbsp;RCC_ConfigLpuartClk
<LI><a href="#[5c]">&gt;&gt;</a>&nbsp;&nbsp;&nbsp;RCC_GetFlagStatus
</UL>
<BR>[Called By]<UL><LI><a href="#[26]">&gt;&gt;</a>&nbsp;&nbsp;&nbsp;main
</UL>

<P><STRONG><a name="[26]"></a>main</STRONG> (Thumb, 68 bytes, Stack size 0 bytes, main.o(.text))
<BR><BR>[Stack]<UL><LI>Max Depth = 88<LI>Call Chain = main &rArr; LPUART_Init &rArr; LPUART_ConfigSamplingMethod
</UL>
<BR>[Calls]<UL><LI><a href="#[7a]">&gt;&gt;</a>&nbsp;&nbsp;&nbsp;RCC_Configuration
<LI><a href="#[78]">&gt;&gt;</a>&nbsp;&nbsp;&nbsp;GPIO_Configuration
<LI><a href="#[4b]">&gt;&gt;</a>&nbsp;&nbsp;&nbsp;RCC_GetLpuartClkSrc
<LI><a href="#[4a]">&gt;&gt;</a>&nbsp;&nbsp;&nbsp;LPUART_Init
<LI><a href="#[48]">&gt;&gt;</a>&nbsp;&nbsp;&nbsp;LPUART_DeInit
<LI><a href="#[7b]">&gt;&gt;</a>&nbsp;&nbsp;&nbsp;__2printf
</UL>
<BR>[Address Reference Count : 1]<UL><LI> entry9a.o(.ARM.Collect$$$$0000000B)
</UL>
<P><STRONG><a name="[29]"></a>fputc</STRONG> (Thumb, 40 bytes, Stack size 16 bytes, main.o(.text))
<BR><BR>[Stack]<UL><LI>Max Depth = 32<LI>Call Chain = fputc &rArr; LPUART_ClrFlag
</UL>
<BR>[Calls]<UL><LI><a href="#[58]">&gt;&gt;</a>&nbsp;&nbsp;&nbsp;LPUART_ClrFlag
<LI><a href="#[55]">&gt;&gt;</a>&nbsp;&nbsp;&nbsp;LPUART_SendData
<LI><a href="#[4e]">&gt;&gt;</a>&nbsp;&nbsp;&nbsp;LPUART_GetFlagStatus
</UL>
<BR>[Address Reference Count : 1]<UL><LI> printf8.o(i.__0printf$8)
</UL>
<P><STRONG><a name="[35]"></a>assert_failed</STRONG> (Thumb, 4 bytes, Stack size 0 bytes, main.o(.text))
<BR><BR>[Called By]<UL><LI><a href="#[77]">&gt;&gt;</a>&nbsp;&nbsp;&nbsp;RCC_Enable_ADC_CLK_SRC_AUDIOPLL
<LI><a href="#[76]">&gt;&gt;</a>&nbsp;&nbsp;&nbsp;RCC_ClrIntPendingBit
<LI><a href="#[75]">&gt;&gt;</a>&nbsp;&nbsp;&nbsp;RCC_GetIntStatus
<LI><a href="#[74]">&gt;&gt;</a>&nbsp;&nbsp;&nbsp;RCC_ConfigMco
<LI><a href="#[73]">&gt;&gt;</a>&nbsp;&nbsp;&nbsp;RCC_EnableAPB1PeriphReset
<LI><a href="#[72]">&gt;&gt;</a>&nbsp;&nbsp;&nbsp;RCC_EnableAHBPeriphReset
<LI><a href="#[71]">&gt;&gt;</a>&nbsp;&nbsp;&nbsp;RCC_EnableAPB1PeriphClk
<LI><a href="#[70]">&gt;&gt;</a>&nbsp;&nbsp;&nbsp;RCC_EnableAPB2PeriphClk
<LI><a href="#[6f]">&gt;&gt;</a>&nbsp;&nbsp;&nbsp;RCC_EnableAHBPeriphClk
<LI><a href="#[6e]">&gt;&gt;</a>&nbsp;&nbsp;&nbsp;RCC_EnableRTCReset
<LI><a href="#[6d]">&gt;&gt;</a>&nbsp;&nbsp;&nbsp;RCC_EnableRtcClk
<LI><a href="#[6c]">&gt;&gt;</a>&nbsp;&nbsp;&nbsp;RCC_ConfigLSXSEL
<LI><a href="#[6b]">&gt;&gt;</a>&nbsp;&nbsp;&nbsp;RCC_EnableLsi
<LI><a href="#[6a]">&gt;&gt;</a>&nbsp;&nbsp;&nbsp;RCC_ConfigLse
<LI><a href="#[69]">&gt;&gt;</a>&nbsp;&nbsp;&nbsp;RCC_EnableLpuartClk
<LI><a href="#[68]">&gt;&gt;</a>&nbsp;&nbsp;&nbsp;RCC_ConfigLpuartClk
<LI><a href="#[67]">&gt;&gt;</a>&nbsp;&nbsp;&nbsp;RCC_ConfigAdcClk
<LI><a href="#[66]">&gt;&gt;</a>&nbsp;&nbsp;&nbsp;RCC_ConfigTim1Clk
<LI><a href="#[65]">&gt;&gt;</a>&nbsp;&nbsp;&nbsp;RCC_ConfigInt
<LI><a href="#[64]">&gt;&gt;</a>&nbsp;&nbsp;&nbsp;RCC_ConfigPclk2
<LI><a href="#[63]">&gt;&gt;</a>&nbsp;&nbsp;&nbsp;RCC_ConfigPclk1
<LI><a href="#[62]">&gt;&gt;</a>&nbsp;&nbsp;&nbsp;RCC_ConfigHclk
<LI><a href="#[61]">&gt;&gt;</a>&nbsp;&nbsp;&nbsp;RCC_ConfigSysclk
<LI><a href="#[60]">&gt;&gt;</a>&nbsp;&nbsp;&nbsp;RCC_EnableHsi
<LI><a href="#[5e]">&gt;&gt;</a>&nbsp;&nbsp;&nbsp;RCC_ConfigHsi
<LI><a href="#[5c]">&gt;&gt;</a>&nbsp;&nbsp;&nbsp;RCC_GetFlagStatus
<LI><a href="#[5b]">&gt;&gt;</a>&nbsp;&nbsp;&nbsp;RCC_ConfigHse
<LI><a href="#[5a]">&gt;&gt;</a>&nbsp;&nbsp;&nbsp;LPUART_ClrIntPendingBit
<LI><a href="#[59]">&gt;&gt;</a>&nbsp;&nbsp;&nbsp;LPUART_GetIntStatus
<LI><a href="#[58]">&gt;&gt;</a>&nbsp;&nbsp;&nbsp;LPUART_ClrFlag
<LI><a href="#[57]">&gt;&gt;</a>&nbsp;&nbsp;&nbsp;LPUART_ConfigWakeUpData
<LI><a href="#[56]">&gt;&gt;</a>&nbsp;&nbsp;&nbsp;LPUART_ReceiveData
<LI><a href="#[55]">&gt;&gt;</a>&nbsp;&nbsp;&nbsp;LPUART_SendData
<LI><a href="#[54]">&gt;&gt;</a>&nbsp;&nbsp;&nbsp;LPUART_EnableLoopBack
<LI><a href="#[53]">&gt;&gt;</a>&nbsp;&nbsp;&nbsp;LPUART_EnableWakeUpStop
<LI><a href="#[52]">&gt;&gt;</a>&nbsp;&nbsp;&nbsp;LPUART_ConfigWakeUpMethod
<LI><a href="#[51]">&gt;&gt;</a>&nbsp;&nbsp;&nbsp;LPUART_EnableDMA
<LI><a href="#[50]">&gt;&gt;</a>&nbsp;&nbsp;&nbsp;LPUART_ConfigInt
<LI><a href="#[4f]">&gt;&gt;</a>&nbsp;&nbsp;&nbsp;LPUART_FlushRxFifo
<LI><a href="#[4e]">&gt;&gt;</a>&nbsp;&nbsp;&nbsp;LPUART_GetFlagStatus
<LI><a href="#[4a]">&gt;&gt;</a>&nbsp;&nbsp;&nbsp;LPUART_Init
<LI><a href="#[49]">&gt;&gt;</a>&nbsp;&nbsp;&nbsp;LPUART_ConfigSamplingMethod
<LI><a href="#[48]">&gt;&gt;</a>&nbsp;&nbsp;&nbsp;LPUART_DeInit
<LI><a href="#[36]">&gt;&gt;</a>&nbsp;&nbsp;&nbsp;RCC_EnableAPB2PeriphReset
<LI><a href="#[47]">&gt;&gt;</a>&nbsp;&nbsp;&nbsp;AFIO_ConfigSPINSSMode
<LI><a href="#[46]">&gt;&gt;</a>&nbsp;&nbsp;&nbsp;GPIO_ConfigPinRemap
<LI><a href="#[44]">&gt;&gt;</a>&nbsp;&nbsp;&nbsp;GPIO_ConfigEXTILine
<LI><a href="#[43]">&gt;&gt;</a>&nbsp;&nbsp;&nbsp;GPIO_ConfigPinLock
<LI><a href="#[42]">&gt;&gt;</a>&nbsp;&nbsp;&nbsp;GPIO_TogglePin
<LI><a href="#[41]">&gt;&gt;</a>&nbsp;&nbsp;&nbsp;GPIO_Write
<LI><a href="#[40]">&gt;&gt;</a>&nbsp;&nbsp;&nbsp;GPIO_WriteBit
<LI><a href="#[3f]">&gt;&gt;</a>&nbsp;&nbsp;&nbsp;GPIO_ResetBits
<LI><a href="#[3e]">&gt;&gt;</a>&nbsp;&nbsp;&nbsp;GPIO_SetBits
<LI><a href="#[3d]">&gt;&gt;</a>&nbsp;&nbsp;&nbsp;GPIO_ReadOutputData
<LI><a href="#[3c]">&gt;&gt;</a>&nbsp;&nbsp;&nbsp;GPIO_ReadOutputDataBit
<LI><a href="#[3b]">&gt;&gt;</a>&nbsp;&nbsp;&nbsp;GPIO_ReadInputData
<LI><a href="#[3a]">&gt;&gt;</a>&nbsp;&nbsp;&nbsp;GPIO_ReadInputDataBit
<LI><a href="#[39]">&gt;&gt;</a>&nbsp;&nbsp;&nbsp;GPIO_InitPeripheral
<LI><a href="#[37]">&gt;&gt;</a>&nbsp;&nbsp;&nbsp;GPIO_DeInitPin
<LI><a href="#[34]">&gt;&gt;</a>&nbsp;&nbsp;&nbsp;GPIO_DeInit
</UL>

<P><STRONG><a name="[1]"></a>NMI_Handler</STRONG> (Thumb, 2 bytes, Stack size 0 bytes, n32wb03x_it.o(.text))
<BR>[Address Reference Count : 1]<UL><LI> startup_n32wb03x.o(RESET)
</UL>
<P><STRONG><a name="[2]"></a>HardFault_Handler</STRONG> (Thumb, 4 bytes, Stack size 0 bytes, n32wb03x_it.o(.text))
<BR>[Address Reference Count : 1]<UL><LI> startup_n32wb03x.o(RESET)
</UL>
<P><STRONG><a name="[3]"></a>SVC_Handler</STRONG> (Thumb, 2 bytes, Stack size 0 bytes, n32wb03x_it.o(.text))
<BR>[Address Reference Count : 1]<UL><LI> startup_n32wb03x.o(RESET)
</UL>
<P><STRONG><a name="[4]"></a>PendSV_Handler</STRONG> (Thumb, 2 bytes, Stack size 0 bytes, n32wb03x_it.o(.text))
<BR>[Address Reference Count : 1]<UL><LI> startup_n32wb03x.o(RESET)
</UL>
<P><STRONG><a name="[5]"></a>SysTick_Handler</STRONG> (Thumb, 2 bytes, Stack size 0 bytes, n32wb03x_it.o(.text))
<BR>[Address Reference Count : 1]<UL><LI> startup_n32wb03x.o(RESET)
</UL>
<P><STRONG><a name="[93]"></a>__aeabi_uidiv</STRONG> (Thumb, 0 bytes, Stack size 12 bytes, uidiv.o(.text), UNUSED)

<P><STRONG><a name="[4d]"></a>__aeabi_uidivmod</STRONG> (Thumb, 44 bytes, Stack size 12 bytes, uidiv.o(.text))
<BR><BR>[Stack]<UL><LI>Max Depth = 12<LI>Call Chain = __aeabi_uidivmod
</UL>
<BR>[Called By]<UL><LI><a href="#[4a]">&gt;&gt;</a>&nbsp;&nbsp;&nbsp;LPUART_Init
</UL>

<P><STRONG><a name="[2e]"></a>__aeabi_memcpy</STRONG> (Thumb, 36 bytes, Stack size 0 bytes, memcpya.o(.text))
<BR><BR>[Called By]<UL><LI><a href="#[2d]">&gt;&gt;</a>&nbsp;&nbsp;&nbsp;SystemTrimValueRead
</UL>

<P><STRONG><a name="[94]"></a>__aeabi_memcpy4</STRONG> (Thumb, 0 bytes, Stack size 0 bytes, memcpya.o(.text), UNUSED)

<P><STRONG><a name="[95]"></a>__aeabi_memcpy8</STRONG> (Thumb, 0 bytes, Stack size 0 bytes, memcpya.o(.text), UNUSED)

<P><STRONG><a name="[7c]"></a>__aeabi_uldivmod</STRONG> (Thumb, 96 bytes, Stack size 48 bytes, uldiv.o(.text), UNUSED)
<BR><BR>[Calls]<UL><LI><a href="#[7d]">&gt;&gt;</a>&nbsp;&nbsp;&nbsp;__aeabi_llsr
<LI><a href="#[7e]">&gt;&gt;</a>&nbsp;&nbsp;&nbsp;__aeabi_llsl
</UL>
<BR>[Called By]<UL><LI><a href="#[81]">&gt;&gt;</a>&nbsp;&nbsp;&nbsp;_printf_core
</UL>

<P><STRONG><a name="[2b]"></a>__scatterload</STRONG> (Thumb, 28 bytes, Stack size 0 bytes, init.o(.text))
<BR><BR>[Calls]<UL><LI><a href="#[7f]">&gt;&gt;</a>&nbsp;&nbsp;&nbsp;__main_after_scatterload
</UL>
<BR>[Called By]<UL><LI><a href="#[2a]">&gt;&gt;</a>&nbsp;&nbsp;&nbsp;_main_scatterload
</UL>

<P><STRONG><a name="[96]"></a>__scatterload_rt2</STRONG> (Thumb, 0 bytes, Stack size 0 bytes, init.o(.text), UNUSED)

<P><STRONG><a name="[7e]"></a>__aeabi_llsl</STRONG> (Thumb, 32 bytes, Stack size 8 bytes, llshl.o(.text), UNUSED)
<BR><BR>[Called By]<UL><LI><a href="#[7c]">&gt;&gt;</a>&nbsp;&nbsp;&nbsp;__aeabi_uldivmod
</UL>

<P><STRONG><a name="[97]"></a>_ll_shift_l</STRONG> (Thumb, 0 bytes, Stack size 8 bytes, llshl.o(.text), UNUSED)

<P><STRONG><a name="[7d]"></a>__aeabi_llsr</STRONG> (Thumb, 34 bytes, Stack size 8 bytes, llushr.o(.text), UNUSED)
<BR><BR>[Called By]<UL><LI><a href="#[7c]">&gt;&gt;</a>&nbsp;&nbsp;&nbsp;__aeabi_uldivmod
</UL>

<P><STRONG><a name="[98]"></a>_ll_ushift_r</STRONG> (Thumb, 0 bytes, Stack size 8 bytes, llushr.o(.text), UNUSED)

<P><STRONG><a name="[80]"></a>__0printf$8</STRONG> (Thumb, 24 bytes, Stack size 24 bytes, printf8.o(i.__0printf$8), UNUSED)
<BR><BR>[Calls]<UL><LI><a href="#[81]">&gt;&gt;</a>&nbsp;&nbsp;&nbsp;_printf_core
</UL>

<P><STRONG><a name="[99]"></a>__1printf$8</STRONG> (Thumb, 0 bytes, Stack size 24 bytes, printf8.o(i.__0printf$8), UNUSED)

<P><STRONG><a name="[7b]"></a>__2printf</STRONG> (Thumb, 0 bytes, Stack size 24 bytes, printf8.o(i.__0printf$8))
<BR><BR>[Stack]<UL><LI>Max Depth = 24<LI>Call Chain = __2printf
</UL>
<BR>[Called By]<UL><LI><a href="#[26]">&gt;&gt;</a>&nbsp;&nbsp;&nbsp;main
</UL>

<P><STRONG><a name="[45]"></a>__ARM_common_switch8</STRONG> (Thumb, 28 bytes, Stack size 8 bytes, n32wb03x_gpio.o(i.__ARM_common_switch8), UNUSED)
<BR><BR>[Called By]<UL><LI><a href="#[44]">&gt;&gt;</a>&nbsp;&nbsp;&nbsp;GPIO_ConfigEXTILine
</UL>

<P><STRONG><a name="[9a]"></a>__scatterload_copy</STRONG> (Thumb, 14 bytes, Stack size unknown bytes, handlers.o(i.__scatterload_copy), UNUSED)

<P><STRONG><a name="[9b]"></a>__scatterload_null</STRONG> (Thumb, 2 bytes, Stack size unknown bytes, handlers.o(i.__scatterload_null), UNUSED)

<P><STRONG><a name="[9c]"></a>__scatterload_zeroinit</STRONG> (Thumb, 14 bytes, Stack size unknown bytes, handlers.o(i.__scatterload_zeroinit), UNUSED)
<P>
<H3>
Local Symbols
</H3>
<P><STRONG><a name="[32]"></a>RCC_HsiCalib</STRONG> (Thumb, 242 bytes, Stack size 56 bytes, system_n32wb03x.o(.text))
<BR><BR>[Stack]<UL><LI>Max Depth = 56<LI>Call Chain = RCC_HsiCalib
</UL>
<BR>[Calls]<UL><LI><a href="#[2c]">&gt;&gt;</a>&nbsp;&nbsp;&nbsp;system_delay_cycles
</UL>
<BR>[Called By]<UL><LI><a href="#[27]">&gt;&gt;</a>&nbsp;&nbsp;&nbsp;SystemInit
</UL>

<P><STRONG><a name="[81]"></a>_printf_core</STRONG> (Thumb, 1020 bytes, Stack size 104 bytes, printf8.o(i._printf_core), UNUSED)
<BR><BR>[Calls]<UL><LI><a href="#[7c]">&gt;&gt;</a>&nbsp;&nbsp;&nbsp;__aeabi_uldivmod
<LI><a href="#[82]">&gt;&gt;</a>&nbsp;&nbsp;&nbsp;_printf_pre_padding
<LI><a href="#[83]">&gt;&gt;</a>&nbsp;&nbsp;&nbsp;_printf_post_padding
</UL>
<BR>[Called By]<UL><LI><a href="#[80]">&gt;&gt;</a>&nbsp;&nbsp;&nbsp;__0printf$8
</UL>

<P><STRONG><a name="[83]"></a>_printf_post_padding</STRONG> (Thumb, 32 bytes, Stack size 24 bytes, printf8.o(i._printf_post_padding), UNUSED)
<BR><BR>[Called By]<UL><LI><a href="#[81]">&gt;&gt;</a>&nbsp;&nbsp;&nbsp;_printf_core
</UL>

<P><STRONG><a name="[82]"></a>_printf_pre_padding</STRONG> (Thumb, 44 bytes, Stack size 40 bytes, printf8.o(i._printf_pre_padding), UNUSED)
<BR><BR>[Called By]<UL><LI><a href="#[81]">&gt;&gt;</a>&nbsp;&nbsp;&nbsp;_printf_core
</UL>
<P>
<H3>
Undefined Global Symbols
</H3><HR></body></html>
