<!doctype html public "-//w3c//dtd html 4.0 transitional//en">
<html><head>
<title>Static Call Graph - [.\Objects\ADC_DMA.axf]</title></head>
<body><HR>
<H1>Static Call Graph for image .\Objects\ADC_DMA.axf</H1><HR>
<BR><P>#&#060CALLGRAPH&#062# ARM Linker, 5060750: Last Updated: Tue Nov 11 17:41:02 2025
<BR><P>
<H3>Maximum Stack Usage =        392 bytes + Unknown(Cycles, Untraceable Function Pointers)</H3><H3>
Call chain for Maximum Stack Depth:</H3>
main &rArr; ADC_ConverValueToVoltage &rArr; SystemTrimValueGet &rArr; SystemTrimValueRead
<P>
<H3>
Mutually Recursive functions
</H3> <LI><a href="#[1b]">ADC_IRQHandler</a>&nbsp;&nbsp;&nbsp;&rArr;&nbsp;&nbsp;&nbsp;<a href="#[1b]">ADC_IRQHandler</a><BR>
 <LI><a href="#[2c]">system_delay_cycles</a>&nbsp;&nbsp;&nbsp;&rArr;&nbsp;&nbsp;&nbsp;<a href="#[2c]">system_delay_cycles</a><BR>
</UL>
<P>
<H3>
Function Pointers
</H3><UL>
 <LI><a href="#[1b]">ADC_IRQHandler</a> from startup_n32wb03x.o(.text) referenced from startup_n32wb03x.o(RESET)
 <LI><a href="#[18]">BLE_CRYPT_IRQHandler</a> from startup_n32wb03x.o(.text) referenced from startup_n32wb03x.o(RESET)
 <LI><a href="#[17]">BLE_ERROR_IRQHandler</a> from startup_n32wb03x.o(.text) referenced from startup_n32wb03x.o(RESET)
 <LI><a href="#[10]">BLE_FIFO_IRQHandler</a> from startup_n32wb03x.o(.text) referenced from startup_n32wb03x.o(RESET)
 <LI><a href="#[f]">BLE_FINETGT_IRQHandler</a> from startup_n32wb03x.o(.text) referenced from startup_n32wb03x.o(RESET)
 <LI><a href="#[9]">BLE_HSLOT_IRQHandler</a> from startup_n32wb03x.o(.text) referenced from startup_n32wb03x.o(RESET)
 <LI><a href="#[20]">BLE_SLP_IRQHandler</a> from startup_n32wb03x.o(.text) referenced from startup_n32wb03x.o(RESET)
 <LI><a href="#[7]">BLE_SW_IRQHandler</a> from startup_n32wb03x.o(.text) referenced from startup_n32wb03x.o(RESET)
 <LI><a href="#[19]">BLE_TIMESTAMP_TGT1_IRQHandler</a> from startup_n32wb03x.o(.text) referenced from startup_n32wb03x.o(RESET)
 <LI><a href="#[1e]">BLE_TIMESTAMP_TGT2_IRQHandler</a> from startup_n32wb03x.o(.text) referenced from startup_n32wb03x.o(RESET)
 <LI><a href="#[11]">DMA_Channel1_2_3_4_IRQHandler</a> from startup_n32wb03x.o(.text) referenced from startup_n32wb03x.o(RESET)
 <LI><a href="#[12]">DMA_Channel5_IRQHandler</a> from startup_n32wb03x.o(.text) referenced from startup_n32wb03x.o(RESET)
 <LI><a href="#[c]">EXTI0_1_IRQHandler</a> from startup_n32wb03x.o(.text) referenced from startup_n32wb03x.o(RESET)
 <LI><a href="#[d]">EXTI2_3_IRQHandler</a> from startup_n32wb03x.o(.text) referenced from startup_n32wb03x.o(RESET)
 <LI><a href="#[e]">EXTI4_12_IRQHandler</a> from startup_n32wb03x.o(.text) referenced from startup_n32wb03x.o(RESET)
 <LI><a href="#[a]">FLASH_IRQHandler</a> from startup_n32wb03x.o(.text) referenced from startup_n32wb03x.o(RESET)
 <LI><a href="#[2]">HardFault_Handler</a> from n32wb03x_it.o(i.HardFault_Handler) referenced from startup_n32wb03x.o(RESET)
 <LI><a href="#[1d]">I2C1_IRQHandler</a> from startup_n32wb03x.o(.text) referenced from startup_n32wb03x.o(RESET)
 <LI><a href="#[25]">IRC_IRQHandler</a> from startup_n32wb03x.o(.text) referenced from startup_n32wb03x.o(RESET)
 <LI><a href="#[21]">KEYSCAN_IRQHandler</a> from startup_n32wb03x.o(.text) referenced from startup_n32wb03x.o(RESET)
 <LI><a href="#[23]">LPUART1_IRQHandler</a> from startup_n32wb03x.o(.text) referenced from startup_n32wb03x.o(RESET)
 <LI><a href="#[1]">NMI_Handler</a> from n32wb03x_it.o(i.NMI_Handler) referenced from startup_n32wb03x.o(RESET)
 <LI><a href="#[4]">PendSV_Handler</a> from n32wb03x_it.o(i.PendSV_Handler) referenced from startup_n32wb03x.o(RESET)
 <LI><a href="#[b]">RCC_IRQHandler</a> from startup_n32wb03x.o(.text) referenced from startup_n32wb03x.o(RESET)
 <LI><a href="#[15]">RESERVED_IRQHandler</a> from startup_n32wb03x.o(.text) referenced from startup_n32wb03x.o(RESET)
 <LI><a href="#[8]">RTC_IRQHandler</a> from startup_n32wb03x.o(.text) referenced from startup_n32wb03x.o(RESET)
 <LI><a href="#[0]">Reset_Handler</a> from startup_n32wb03x.o(.text) referenced from startup_n32wb03x.o(RESET)
 <LI><a href="#[1f]">SPI1_IRQHandler</a> from startup_n32wb03x.o(.text) referenced from startup_n32wb03x.o(RESET)
 <LI><a href="#[1c]">SPI2_IRQHandler</a> from startup_n32wb03x.o(.text) referenced from startup_n32wb03x.o(RESET)
 <LI><a href="#[3]">SVC_Handler</a> from n32wb03x_it.o(i.SVC_Handler) referenced from startup_n32wb03x.o(RESET)
 <LI><a href="#[5]">SysTick_Handler</a> from n32wb03x_it.o(i.SysTick_Handler) referenced from startup_n32wb03x.o(RESET)
 <LI><a href="#[27]">SystemInit</a> from system_n32wb03x.o(i.SystemInit) referenced from startup_n32wb03x.o(.text)
 <LI><a href="#[13]">TIM1_BRK_UP_TRG_COM_IRQHandler</a> from startup_n32wb03x.o(.text) referenced from startup_n32wb03x.o(RESET)
 <LI><a href="#[14]">TIM1_CC_IRQHandler</a> from startup_n32wb03x.o(.text) referenced from startup_n32wb03x.o(RESET)
 <LI><a href="#[16]">TIM3_IRQHandler</a> from startup_n32wb03x.o(.text) referenced from startup_n32wb03x.o(RESET)
 <LI><a href="#[1a]">TIM6_IRQHandler</a> from startup_n32wb03x.o(.text) referenced from startup_n32wb03x.o(RESET)
 <LI><a href="#[22]">USART1_IRQHandler</a> from startup_n32wb03x.o(.text) referenced from startup_n32wb03x.o(RESET)
 <LI><a href="#[24]">USART2_IRQHandler</a> from startup_n32wb03x.o(.text) referenced from startup_n32wb03x.o(RESET)
 <LI><a href="#[6]">WWDG_IRQHandler</a> from startup_n32wb03x.o(.text) referenced from startup_n32wb03x.o(RESET)
 <LI><a href="#[28]">__main</a> from entry.o(.ARM.Collect$$$$00000000) referenced from startup_n32wb03x.o(.text)
 <LI><a href="#[29]">fputc</a> from log.o(i.fputc) referenced from printf8.o(i.__0printf$8)
 <LI><a href="#[26]">main</a> from main.o(i.main) referenced from entry9a.o(.ARM.Collect$$$$0000000B)
</UL>
<P>
<H3>
Global Symbols
</H3>
<P><STRONG><a name="[28]"></a>__main</STRONG> (Thumb, 0 bytes, Stack size unknown bytes, entry.o(.ARM.Collect$$$$00000000))
<BR>[Address Reference Count : 1]<UL><LI> startup_n32wb03x.o(.text)
</UL>
<P><STRONG><a name="[5b]"></a>_main_stk</STRONG> (Thumb, 0 bytes, Stack size unknown bytes, entry2.o(.ARM.Collect$$$$00000001))

<P><STRONG><a name="[2a]"></a>_main_scatterload</STRONG> (Thumb, 0 bytes, Stack size unknown bytes, entry5.o(.ARM.Collect$$$$00000004))
<BR><BR>[Calls]<UL><LI><a href="#[2b]">&gt;&gt;</a>&nbsp;&nbsp;&nbsp;__scatterload
</UL>

<P><STRONG><a name="[32]"></a>__main_after_scatterload</STRONG> (Thumb, 0 bytes, Stack size unknown bytes, entry5.o(.ARM.Collect$$$$00000004))
<BR><BR>[Called By]<UL><LI><a href="#[2b]">&gt;&gt;</a>&nbsp;&nbsp;&nbsp;__scatterload
</UL>

<P><STRONG><a name="[5c]"></a>_main_clock</STRONG> (Thumb, 0 bytes, Stack size unknown bytes, entry7b.o(.ARM.Collect$$$$00000008))

<P><STRONG><a name="[5d]"></a>_main_cpp_init</STRONG> (Thumb, 0 bytes, Stack size unknown bytes, entry8b.o(.ARM.Collect$$$$0000000A))

<P><STRONG><a name="[5e]"></a>_main_init</STRONG> (Thumb, 0 bytes, Stack size unknown bytes, entry9a.o(.ARM.Collect$$$$0000000B))

<P><STRONG><a name="[5f]"></a>__rt_final_cpp</STRONG> (Thumb, 0 bytes, Stack size unknown bytes, entry10a.o(.ARM.Collect$$$$0000000D))

<P><STRONG><a name="[60]"></a>__rt_final_exit</STRONG> (Thumb, 0 bytes, Stack size unknown bytes, entry11a.o(.ARM.Collect$$$$0000000F))

<P><STRONG><a name="[61]"></a>__asm___17_system_n32wb03x_c_f233b82c____REV16</STRONG> (Thumb, 4 bytes, Stack size 0 bytes, system_n32wb03x.o(.emb_text), UNUSED)

<P><STRONG><a name="[62]"></a>__asm___17_system_n32wb03x_c_f233b82c____REVSH</STRONG> (Thumb, 4 bytes, Stack size 0 bytes, system_n32wb03x.o(.emb_text), UNUSED)

<P><STRONG><a name="[2c]"></a>system_delay_cycles</STRONG> (Thumb, 6 bytes, Stack size 0 bytes, system_n32wb03x.o(.emb_text))
<BR><BR>[Calls]<UL><LI><a href="#[2c]">&gt;&gt;</a>&nbsp;&nbsp;&nbsp;system_delay_cycles
</UL>
<BR>[Called By]<UL><LI><a href="#[36]">&gt;&gt;</a>&nbsp;&nbsp;&nbsp;system_delay_n_10us
<LI><a href="#[2c]">&gt;&gt;</a>&nbsp;&nbsp;&nbsp;system_delay_cycles
<LI><a href="#[41]">&gt;&gt;</a>&nbsp;&nbsp;&nbsp;RCC_HsiCalib
</UL>

<P><STRONG><a name="[0]"></a>Reset_Handler</STRONG> (Thumb, 8 bytes, Stack size 0 bytes, startup_n32wb03x.o(.text))
<BR>[Address Reference Count : 1]<UL><LI> startup_n32wb03x.o(RESET)
</UL>
<P><STRONG><a name="[1b]"></a>ADC_IRQHandler</STRONG> (Thumb, 0 bytes, Stack size 0 bytes, startup_n32wb03x.o(.text))
<BR><BR>[Calls]<UL><LI><a href="#[1b]">&gt;&gt;</a>&nbsp;&nbsp;&nbsp;ADC_IRQHandler
</UL>
<BR>[Called By]<UL><LI><a href="#[1b]">&gt;&gt;</a>&nbsp;&nbsp;&nbsp;ADC_IRQHandler
</UL>
<BR>[Address Reference Count : 1]<UL><LI> startup_n32wb03x.o(RESET)
</UL>
<P><STRONG><a name="[18]"></a>BLE_CRYPT_IRQHandler</STRONG> (Thumb, 0 bytes, Stack size 0 bytes, startup_n32wb03x.o(.text))
<BR>[Address Reference Count : 1]<UL><LI> startup_n32wb03x.o(RESET)
</UL>
<P><STRONG><a name="[17]"></a>BLE_ERROR_IRQHandler</STRONG> (Thumb, 0 bytes, Stack size 0 bytes, startup_n32wb03x.o(.text))
<BR>[Address Reference Count : 1]<UL><LI> startup_n32wb03x.o(RESET)
</UL>
<P><STRONG><a name="[10]"></a>BLE_FIFO_IRQHandler</STRONG> (Thumb, 0 bytes, Stack size 0 bytes, startup_n32wb03x.o(.text))
<BR>[Address Reference Count : 1]<UL><LI> startup_n32wb03x.o(RESET)
</UL>
<P><STRONG><a name="[f]"></a>BLE_FINETGT_IRQHandler</STRONG> (Thumb, 0 bytes, Stack size 0 bytes, startup_n32wb03x.o(.text))
<BR>[Address Reference Count : 1]<UL><LI> startup_n32wb03x.o(RESET)
</UL>
<P><STRONG><a name="[9]"></a>BLE_HSLOT_IRQHandler</STRONG> (Thumb, 0 bytes, Stack size 0 bytes, startup_n32wb03x.o(.text))
<BR>[Address Reference Count : 1]<UL><LI> startup_n32wb03x.o(RESET)
</UL>
<P><STRONG><a name="[20]"></a>BLE_SLP_IRQHandler</STRONG> (Thumb, 0 bytes, Stack size 0 bytes, startup_n32wb03x.o(.text))
<BR>[Address Reference Count : 1]<UL><LI> startup_n32wb03x.o(RESET)
</UL>
<P><STRONG><a name="[7]"></a>BLE_SW_IRQHandler</STRONG> (Thumb, 0 bytes, Stack size 0 bytes, startup_n32wb03x.o(.text))
<BR>[Address Reference Count : 1]<UL><LI> startup_n32wb03x.o(RESET)
</UL>
<P><STRONG><a name="[19]"></a>BLE_TIMESTAMP_TGT1_IRQHandler</STRONG> (Thumb, 0 bytes, Stack size 0 bytes, startup_n32wb03x.o(.text))
<BR>[Address Reference Count : 1]<UL><LI> startup_n32wb03x.o(RESET)
</UL>
<P><STRONG><a name="[1e]"></a>BLE_TIMESTAMP_TGT2_IRQHandler</STRONG> (Thumb, 0 bytes, Stack size 0 bytes, startup_n32wb03x.o(.text))
<BR>[Address Reference Count : 1]<UL><LI> startup_n32wb03x.o(RESET)
</UL>
<P><STRONG><a name="[11]"></a>DMA_Channel1_2_3_4_IRQHandler</STRONG> (Thumb, 0 bytes, Stack size 0 bytes, startup_n32wb03x.o(.text))
<BR>[Address Reference Count : 1]<UL><LI> startup_n32wb03x.o(RESET)
</UL>
<P><STRONG><a name="[12]"></a>DMA_Channel5_IRQHandler</STRONG> (Thumb, 0 bytes, Stack size 0 bytes, startup_n32wb03x.o(.text))
<BR>[Address Reference Count : 1]<UL><LI> startup_n32wb03x.o(RESET)
</UL>
<P><STRONG><a name="[c]"></a>EXTI0_1_IRQHandler</STRONG> (Thumb, 0 bytes, Stack size 0 bytes, startup_n32wb03x.o(.text))
<BR>[Address Reference Count : 1]<UL><LI> startup_n32wb03x.o(RESET)
</UL>
<P><STRONG><a name="[d]"></a>EXTI2_3_IRQHandler</STRONG> (Thumb, 0 bytes, Stack size 0 bytes, startup_n32wb03x.o(.text))
<BR>[Address Reference Count : 1]<UL><LI> startup_n32wb03x.o(RESET)
</UL>
<P><STRONG><a name="[e]"></a>EXTI4_12_IRQHandler</STRONG> (Thumb, 0 bytes, Stack size 0 bytes, startup_n32wb03x.o(.text))
<BR>[Address Reference Count : 1]<UL><LI> startup_n32wb03x.o(RESET)
</UL>
<P><STRONG><a name="[a]"></a>FLASH_IRQHandler</STRONG> (Thumb, 0 bytes, Stack size 0 bytes, startup_n32wb03x.o(.text))
<BR>[Address Reference Count : 1]<UL><LI> startup_n32wb03x.o(RESET)
</UL>
<P><STRONG><a name="[1d]"></a>I2C1_IRQHandler</STRONG> (Thumb, 0 bytes, Stack size 0 bytes, startup_n32wb03x.o(.text))
<BR>[Address Reference Count : 1]<UL><LI> startup_n32wb03x.o(RESET)
</UL>
<P><STRONG><a name="[25]"></a>IRC_IRQHandler</STRONG> (Thumb, 0 bytes, Stack size 0 bytes, startup_n32wb03x.o(.text))
<BR>[Address Reference Count : 1]<UL><LI> startup_n32wb03x.o(RESET)
</UL>
<P><STRONG><a name="[21]"></a>KEYSCAN_IRQHandler</STRONG> (Thumb, 0 bytes, Stack size 0 bytes, startup_n32wb03x.o(.text))
<BR>[Address Reference Count : 1]<UL><LI> startup_n32wb03x.o(RESET)
</UL>
<P><STRONG><a name="[23]"></a>LPUART1_IRQHandler</STRONG> (Thumb, 0 bytes, Stack size 0 bytes, startup_n32wb03x.o(.text))
<BR>[Address Reference Count : 1]<UL><LI> startup_n32wb03x.o(RESET)
</UL>
<P><STRONG><a name="[b]"></a>RCC_IRQHandler</STRONG> (Thumb, 0 bytes, Stack size 0 bytes, startup_n32wb03x.o(.text))
<BR>[Address Reference Count : 1]<UL><LI> startup_n32wb03x.o(RESET)
</UL>
<P><STRONG><a name="[15]"></a>RESERVED_IRQHandler</STRONG> (Thumb, 0 bytes, Stack size 0 bytes, startup_n32wb03x.o(.text))
<BR>[Address Reference Count : 1]<UL><LI> startup_n32wb03x.o(RESET)
</UL>
<P><STRONG><a name="[8]"></a>RTC_IRQHandler</STRONG> (Thumb, 0 bytes, Stack size 0 bytes, startup_n32wb03x.o(.text))
<BR>[Address Reference Count : 1]<UL><LI> startup_n32wb03x.o(RESET)
</UL>
<P><STRONG><a name="[1f]"></a>SPI1_IRQHandler</STRONG> (Thumb, 0 bytes, Stack size 0 bytes, startup_n32wb03x.o(.text))
<BR>[Address Reference Count : 1]<UL><LI> startup_n32wb03x.o(RESET)
</UL>
<P><STRONG><a name="[1c]"></a>SPI2_IRQHandler</STRONG> (Thumb, 0 bytes, Stack size 0 bytes, startup_n32wb03x.o(.text))
<BR>[Address Reference Count : 1]<UL><LI> startup_n32wb03x.o(RESET)
</UL>
<P><STRONG><a name="[13]"></a>TIM1_BRK_UP_TRG_COM_IRQHandler</STRONG> (Thumb, 0 bytes, Stack size 0 bytes, startup_n32wb03x.o(.text))
<BR>[Address Reference Count : 1]<UL><LI> startup_n32wb03x.o(RESET)
</UL>
<P><STRONG><a name="[14]"></a>TIM1_CC_IRQHandler</STRONG> (Thumb, 0 bytes, Stack size 0 bytes, startup_n32wb03x.o(.text))
<BR>[Address Reference Count : 1]<UL><LI> startup_n32wb03x.o(RESET)
</UL>
<P><STRONG><a name="[16]"></a>TIM3_IRQHandler</STRONG> (Thumb, 0 bytes, Stack size 0 bytes, startup_n32wb03x.o(.text))
<BR>[Address Reference Count : 1]<UL><LI> startup_n32wb03x.o(RESET)
</UL>
<P><STRONG><a name="[1a]"></a>TIM6_IRQHandler</STRONG> (Thumb, 0 bytes, Stack size 0 bytes, startup_n32wb03x.o(.text))
<BR>[Address Reference Count : 1]<UL><LI> startup_n32wb03x.o(RESET)
</UL>
<P><STRONG><a name="[22]"></a>USART1_IRQHandler</STRONG> (Thumb, 0 bytes, Stack size 0 bytes, startup_n32wb03x.o(.text))
<BR>[Address Reference Count : 1]<UL><LI> startup_n32wb03x.o(RESET)
</UL>
<P><STRONG><a name="[24]"></a>USART2_IRQHandler</STRONG> (Thumb, 0 bytes, Stack size 0 bytes, startup_n32wb03x.o(.text))
<BR>[Address Reference Count : 1]<UL><LI> startup_n32wb03x.o(RESET)
</UL>
<P><STRONG><a name="[6]"></a>WWDG_IRQHandler</STRONG> (Thumb, 0 bytes, Stack size 0 bytes, startup_n32wb03x.o(.text))
<BR>[Address Reference Count : 1]<UL><LI> startup_n32wb03x.o(RESET)
</UL>
<P><STRONG><a name="[63]"></a>__aeabi_uidiv</STRONG> (Thumb, 0 bytes, Stack size 12 bytes, uidiv.o(.text), UNUSED)

<P><STRONG><a name="[2e]"></a>__aeabi_uidivmod</STRONG> (Thumb, 44 bytes, Stack size 12 bytes, uidiv.o(.text))
<BR><BR>[Stack]<UL><LI>Max Depth = 12<LI>Call Chain = __aeabi_uidivmod
</UL>
<BR>[Called By]<UL><LI><a href="#[2d]">&gt;&gt;</a>&nbsp;&nbsp;&nbsp;__aeabi_idivmod
<LI><a href="#[44]">&gt;&gt;</a>&nbsp;&nbsp;&nbsp;USART_Init
</UL>

<P><STRONG><a name="[64]"></a>__aeabi_idiv</STRONG> (Thumb, 0 bytes, Stack size 16 bytes, idiv.o(.text), UNUSED)

<P><STRONG><a name="[2d]"></a>__aeabi_idivmod</STRONG> (Thumb, 40 bytes, Stack size 16 bytes, idiv.o(.text))
<BR><BR>[Stack]<UL><LI>Max Depth = 28<LI>Call Chain = __aeabi_idivmod &rArr; __aeabi_uidivmod
</UL>
<BR>[Calls]<UL><LI><a href="#[2e]">&gt;&gt;</a>&nbsp;&nbsp;&nbsp;__aeabi_uidivmod
</UL>
<BR>[Called By]<UL><LI><a href="#[33]">&gt;&gt;</a>&nbsp;&nbsp;&nbsp;ADC_ConverValueToVoltage
</UL>

<P><STRONG><a name="[43]"></a>__aeabi_memcpy</STRONG> (Thumb, 36 bytes, Stack size 0 bytes, memcpya.o(.text))
<BR><BR>[Called By]<UL><LI><a href="#[42]">&gt;&gt;</a>&nbsp;&nbsp;&nbsp;SystemTrimValueRead
</UL>

<P><STRONG><a name="[65]"></a>__aeabi_memcpy4</STRONG> (Thumb, 0 bytes, Stack size 0 bytes, memcpya.o(.text), UNUSED)

<P><STRONG><a name="[66]"></a>__aeabi_memcpy8</STRONG> (Thumb, 0 bytes, Stack size 0 bytes, memcpya.o(.text), UNUSED)

<P><STRONG><a name="[2f]"></a>__aeabi_uldivmod</STRONG> (Thumb, 96 bytes, Stack size 48 bytes, uldiv.o(.text), UNUSED)
<BR><BR>[Calls]<UL><LI><a href="#[30]">&gt;&gt;</a>&nbsp;&nbsp;&nbsp;__aeabi_llsr
<LI><a href="#[31]">&gt;&gt;</a>&nbsp;&nbsp;&nbsp;__aeabi_llsl
</UL>
<BR>[Called By]<UL><LI><a href="#[47]">&gt;&gt;</a>&nbsp;&nbsp;&nbsp;_printf_core
</UL>

<P><STRONG><a name="[31]"></a>__aeabi_llsl</STRONG> (Thumb, 32 bytes, Stack size 8 bytes, llshl.o(.text), UNUSED)
<BR><BR>[Called By]<UL><LI><a href="#[2f]">&gt;&gt;</a>&nbsp;&nbsp;&nbsp;__aeabi_uldivmod
</UL>

<P><STRONG><a name="[67]"></a>_ll_shift_l</STRONG> (Thumb, 0 bytes, Stack size 8 bytes, llshl.o(.text), UNUSED)

<P><STRONG><a name="[2b]"></a>__scatterload</STRONG> (Thumb, 28 bytes, Stack size 0 bytes, init.o(.text))
<BR><BR>[Calls]<UL><LI><a href="#[32]">&gt;&gt;</a>&nbsp;&nbsp;&nbsp;__main_after_scatterload
</UL>
<BR>[Called By]<UL><LI><a href="#[2a]">&gt;&gt;</a>&nbsp;&nbsp;&nbsp;_main_scatterload
</UL>

<P><STRONG><a name="[68]"></a>__scatterload_rt2</STRONG> (Thumb, 0 bytes, Stack size 0 bytes, init.o(.text), UNUSED)

<P><STRONG><a name="[30]"></a>__aeabi_llsr</STRONG> (Thumb, 34 bytes, Stack size 8 bytes, llushr.o(.text), UNUSED)
<BR><BR>[Called By]<UL><LI><a href="#[2f]">&gt;&gt;</a>&nbsp;&nbsp;&nbsp;__aeabi_uldivmod
</UL>

<P><STRONG><a name="[69]"></a>_ll_ushift_r</STRONG> (Thumb, 0 bytes, Stack size 8 bytes, llushr.o(.text), UNUSED)

<P><STRONG><a name="[57]"></a>ADC_ConfigChannel</STRONG> (Thumb, 28 bytes, Stack size 8 bytes, n32wb03x_adc.o(i.ADC_ConfigChannel))
<BR><BR>[Stack]<UL><LI>Max Depth = 8<LI>Call Chain = ADC_ConfigChannel
</UL>
<BR>[Called By]<UL><LI><a href="#[26]">&gt;&gt;</a>&nbsp;&nbsp;&nbsp;main
</UL>

<P><STRONG><a name="[58]"></a>ADC_ConfigContinuousMode</STRONG> (Thumb, 24 bytes, Stack size 0 bytes, n32wb03x_adc.o(i.ADC_ConfigContinuousMode))
<BR><BR>[Called By]<UL><LI><a href="#[26]">&gt;&gt;</a>&nbsp;&nbsp;&nbsp;main
</UL>

<P><STRONG><a name="[33]"></a>ADC_ConverValueToVoltage</STRONG> (Thumb, 178 bytes, Stack size 40 bytes, n32wb03x_adc.o(i.ADC_ConverValueToVoltage))
<BR><BR>[Stack]<UL><LI>Max Depth = 392<LI>Call Chain = ADC_ConverValueToVoltage &rArr; SystemTrimValueGet &rArr; SystemTrimValueRead
</UL>
<BR>[Calls]<UL><LI><a href="#[34]">&gt;&gt;</a>&nbsp;&nbsp;&nbsp;SystemTrimValueGet
<LI><a href="#[2d]">&gt;&gt;</a>&nbsp;&nbsp;&nbsp;__aeabi_idivmod
</UL>
<BR>[Called By]<UL><LI><a href="#[26]">&gt;&gt;</a>&nbsp;&nbsp;&nbsp;main
</UL>

<P><STRONG><a name="[5a]"></a>ADC_Enable</STRONG> (Thumb, 24 bytes, Stack size 0 bytes, n32wb03x_adc.o(i.ADC_Enable))
<BR><BR>[Called By]<UL><LI><a href="#[26]">&gt;&gt;</a>&nbsp;&nbsp;&nbsp;main
</UL>

<P><STRONG><a name="[56]"></a>ADC_EnableBypassFilter</STRONG> (Thumb, 54 bytes, Stack size 0 bytes, n32wb03x_adc.o(i.ADC_EnableBypassFilter))
<BR><BR>[Called By]<UL><LI><a href="#[26]">&gt;&gt;</a>&nbsp;&nbsp;&nbsp;main
</UL>

<P><STRONG><a name="[59]"></a>ADC_EnableDMA</STRONG> (Thumb, 24 bytes, Stack size 0 bytes, n32wb03x_adc.o(i.ADC_EnableDMA))
<BR><BR>[Called By]<UL><LI><a href="#[26]">&gt;&gt;</a>&nbsp;&nbsp;&nbsp;main
</UL>

<P><STRONG><a name="[52]"></a>DMA_DeInit</STRONG> (Thumb, 152 bytes, Stack size 0 bytes, n32wb03x_dma.o(i.DMA_DeInit))
<BR><BR>[Called By]<UL><LI><a href="#[26]">&gt;&gt;</a>&nbsp;&nbsp;&nbsp;main
</UL>

<P><STRONG><a name="[55]"></a>DMA_EnableChannel</STRONG> (Thumb, 24 bytes, Stack size 0 bytes, n32wb03x_dma.o(i.DMA_EnableChannel))
<BR><BR>[Called By]<UL><LI><a href="#[26]">&gt;&gt;</a>&nbsp;&nbsp;&nbsp;main
</UL>

<P><STRONG><a name="[53]"></a>DMA_Init</STRONG> (Thumb, 58 bytes, Stack size 8 bytes, n32wb03x_dma.o(i.DMA_Init))
<BR><BR>[Stack]<UL><LI>Max Depth = 8<LI>Call Chain = DMA_Init
</UL>
<BR>[Called By]<UL><LI><a href="#[26]">&gt;&gt;</a>&nbsp;&nbsp;&nbsp;main
</UL>

<P><STRONG><a name="[54]"></a>DMA_RequestRemap</STRONG> (Thumb, 16 bytes, Stack size 8 bytes, n32wb03x_dma.o(i.DMA_RequestRemap))
<BR><BR>[Stack]<UL><LI>Max Depth = 8<LI>Call Chain = DMA_RequestRemap
</UL>
<BR>[Called By]<UL><LI><a href="#[26]">&gt;&gt;</a>&nbsp;&nbsp;&nbsp;main
</UL>

<P><STRONG><a name="[35]"></a>Delay_ms</STRONG> (Thumb, 16 bytes, Stack size 8 bytes, log.o(i.Delay_ms))
<BR><BR>[Stack]<UL><LI>Max Depth = 16<LI>Call Chain = Delay_ms &rArr; system_delay_n_10us
</UL>
<BR>[Calls]<UL><LI><a href="#[36]">&gt;&gt;</a>&nbsp;&nbsp;&nbsp;system_delay_n_10us
</UL>
<BR>[Called By]<UL><LI><a href="#[26]">&gt;&gt;</a>&nbsp;&nbsp;&nbsp;main
</UL>

<P><STRONG><a name="[37]"></a>GPIO_AFIOInitDefault</STRONG> (Thumb, 20 bytes, Stack size 8 bytes, n32wb03x_gpio.o(i.GPIO_AFIOInitDefault))
<BR><BR>[Stack]<UL><LI>Max Depth = 8<LI>Call Chain = GPIO_AFIOInitDefault
</UL>
<BR>[Calls]<UL><LI><a href="#[38]">&gt;&gt;</a>&nbsp;&nbsp;&nbsp;RCC_EnableAPB2PeriphReset
</UL>
<BR>[Called By]<UL><LI><a href="#[4c]">&gt;&gt;</a>&nbsp;&nbsp;&nbsp;gpio_starup_deinit
</UL>

<P><STRONG><a name="[39]"></a>GPIO_Configuration</STRONG> (Thumb, 32 bytes, Stack size 32 bytes, main.o(i.GPIO_Configuration))
<BR><BR>[Stack]<UL><LI>Max Depth = 48<LI>Call Chain = GPIO_Configuration &rArr; GPIO_InitPeripheral
</UL>
<BR>[Calls]<UL><LI><a href="#[3a]">&gt;&gt;</a>&nbsp;&nbsp;&nbsp;GPIO_InitStruct
<LI><a href="#[3b]">&gt;&gt;</a>&nbsp;&nbsp;&nbsp;GPIO_InitPeripheral
</UL>
<BR>[Called By]<UL><LI><a href="#[26]">&gt;&gt;</a>&nbsp;&nbsp;&nbsp;main
</UL>

<P><STRONG><a name="[3c]"></a>GPIO_DeInit</STRONG> (Thumb, 58 bytes, Stack size 8 bytes, n32wb03x_gpio.o(i.GPIO_DeInit))
<BR><BR>[Stack]<UL><LI>Max Depth = 8<LI>Call Chain = GPIO_DeInit
</UL>
<BR>[Calls]<UL><LI><a href="#[38]">&gt;&gt;</a>&nbsp;&nbsp;&nbsp;RCC_EnableAPB2PeriphReset
</UL>
<BR>[Called By]<UL><LI><a href="#[4c]">&gt;&gt;</a>&nbsp;&nbsp;&nbsp;gpio_starup_deinit
</UL>

<P><STRONG><a name="[3b]"></a>GPIO_InitPeripheral</STRONG> (Thumb, 262 bytes, Stack size 16 bytes, n32wb03x_gpio.o(i.GPIO_InitPeripheral))
<BR><BR>[Stack]<UL><LI>Max Depth = 16<LI>Call Chain = GPIO_InitPeripheral
</UL>
<BR>[Called By]<UL><LI><a href="#[4f]">&gt;&gt;</a>&nbsp;&nbsp;&nbsp;log_init
<LI><a href="#[39]">&gt;&gt;</a>&nbsp;&nbsp;&nbsp;GPIO_Configuration
</UL>

<P><STRONG><a name="[3a]"></a>GPIO_InitStruct</STRONG> (Thumb, 24 bytes, Stack size 0 bytes, n32wb03x_gpio.o(i.GPIO_InitStruct))
<BR><BR>[Called By]<UL><LI><a href="#[4f]">&gt;&gt;</a>&nbsp;&nbsp;&nbsp;log_init
<LI><a href="#[39]">&gt;&gt;</a>&nbsp;&nbsp;&nbsp;GPIO_Configuration
</UL>

<P><STRONG><a name="[2]"></a>HardFault_Handler</STRONG> (Thumb, 4 bytes, Stack size 0 bytes, n32wb03x_it.o(i.HardFault_Handler))
<BR>[Address Reference Count : 1]<UL><LI> startup_n32wb03x.o(RESET)
</UL>
<P><STRONG><a name="[1]"></a>NMI_Handler</STRONG> (Thumb, 2 bytes, Stack size 0 bytes, n32wb03x_it.o(i.NMI_Handler))
<BR>[Address Reference Count : 1]<UL><LI> startup_n32wb03x.o(RESET)
</UL>
<P><STRONG><a name="[4]"></a>PendSV_Handler</STRONG> (Thumb, 2 bytes, Stack size 0 bytes, n32wb03x_it.o(i.PendSV_Handler))
<BR>[Address Reference Count : 1]<UL><LI> startup_n32wb03x.o(RESET)
</UL>
<P><STRONG><a name="[40]"></a>RCC_ConfigAdcClk</STRONG> (Thumb, 28 bytes, Stack size 0 bytes, n32wb03x_rcc.o(i.RCC_ConfigAdcClk))
<BR><BR>[Called By]<UL><LI><a href="#[3d]">&gt;&gt;</a>&nbsp;&nbsp;&nbsp;RCC_Configuration
</UL>

<P><STRONG><a name="[3d]"></a>RCC_Configuration</STRONG> (Thumb, 34 bytes, Stack size 8 bytes, main.o(i.RCC_Configuration))
<BR><BR>[Stack]<UL><LI>Max Depth = 8<LI>Call Chain = RCC_Configuration
</UL>
<BR>[Calls]<UL><LI><a href="#[3f]">&gt;&gt;</a>&nbsp;&nbsp;&nbsp;RCC_EnableAPB2PeriphClk
<LI><a href="#[40]">&gt;&gt;</a>&nbsp;&nbsp;&nbsp;RCC_ConfigAdcClk
<LI><a href="#[3e]">&gt;&gt;</a>&nbsp;&nbsp;&nbsp;RCC_EnableAHBPeriphClk
</UL>
<BR>[Called By]<UL><LI><a href="#[26]">&gt;&gt;</a>&nbsp;&nbsp;&nbsp;main
</UL>

<P><STRONG><a name="[3e]"></a>RCC_EnableAHBPeriphClk</STRONG> (Thumb, 28 bytes, Stack size 0 bytes, n32wb03x_rcc.o(i.RCC_EnableAHBPeriphClk))
<BR><BR>[Called By]<UL><LI><a href="#[4c]">&gt;&gt;</a>&nbsp;&nbsp;&nbsp;gpio_starup_deinit
<LI><a href="#[3d]">&gt;&gt;</a>&nbsp;&nbsp;&nbsp;RCC_Configuration
</UL>

<P><STRONG><a name="[4d]"></a>RCC_EnableAPB1PeriphClk</STRONG> (Thumb, 28 bytes, Stack size 0 bytes, n32wb03x_rcc.o(i.RCC_EnableAPB1PeriphClk))
<BR><BR>[Called By]<UL><LI><a href="#[4c]">&gt;&gt;</a>&nbsp;&nbsp;&nbsp;gpio_starup_deinit
</UL>

<P><STRONG><a name="[4e]"></a>RCC_EnableAPB1PeriphReset</STRONG> (Thumb, 28 bytes, Stack size 0 bytes, n32wb03x_rcc.o(i.RCC_EnableAPB1PeriphReset))
<BR><BR>[Called By]<UL><LI><a href="#[4c]">&gt;&gt;</a>&nbsp;&nbsp;&nbsp;gpio_starup_deinit
</UL>

<P><STRONG><a name="[3f]"></a>RCC_EnableAPB2PeriphClk</STRONG> (Thumb, 28 bytes, Stack size 0 bytes, n32wb03x_rcc.o(i.RCC_EnableAPB2PeriphClk))
<BR><BR>[Called By]<UL><LI><a href="#[4c]">&gt;&gt;</a>&nbsp;&nbsp;&nbsp;gpio_starup_deinit
<LI><a href="#[4f]">&gt;&gt;</a>&nbsp;&nbsp;&nbsp;log_init
<LI><a href="#[3d]">&gt;&gt;</a>&nbsp;&nbsp;&nbsp;RCC_Configuration
</UL>

<P><STRONG><a name="[38]"></a>RCC_EnableAPB2PeriphReset</STRONG> (Thumb, 28 bytes, Stack size 0 bytes, n32wb03x_rcc.o(i.RCC_EnableAPB2PeriphReset))
<BR><BR>[Called By]<UL><LI><a href="#[3c]">&gt;&gt;</a>&nbsp;&nbsp;&nbsp;GPIO_DeInit
<LI><a href="#[37]">&gt;&gt;</a>&nbsp;&nbsp;&nbsp;GPIO_AFIOInitDefault
</UL>

<P><STRONG><a name="[45]"></a>RCC_GetClocksFreqValue</STRONG> (Thumb, 140 bytes, Stack size 8 bytes, n32wb03x_rcc.o(i.RCC_GetClocksFreqValue))
<BR><BR>[Stack]<UL><LI>Max Depth = 8<LI>Call Chain = RCC_GetClocksFreqValue
</UL>
<BR>[Called By]<UL><LI><a href="#[44]">&gt;&gt;</a>&nbsp;&nbsp;&nbsp;USART_Init
</UL>

<P><STRONG><a name="[3]"></a>SVC_Handler</STRONG> (Thumb, 2 bytes, Stack size 0 bytes, n32wb03x_it.o(i.SVC_Handler))
<BR>[Address Reference Count : 1]<UL><LI> startup_n32wb03x.o(RESET)
</UL>
<P><STRONG><a name="[5]"></a>SysTick_Handler</STRONG> (Thumb, 2 bytes, Stack size 0 bytes, n32wb03x_it.o(i.SysTick_Handler))
<BR>[Address Reference Count : 1]<UL><LI> startup_n32wb03x.o(RESET)
</UL>
<P><STRONG><a name="[27]"></a>SystemInit</STRONG> (Thumb, 250 bytes, Stack size 8 bytes, system_n32wb03x.o(i.SystemInit))
<BR><BR>[Stack]<UL><LI>Max Depth = 352<LI>Call Chain = SystemInit &rArr; SystemTrimValueRead
</UL>
<BR>[Calls]<UL><LI><a href="#[42]">&gt;&gt;</a>&nbsp;&nbsp;&nbsp;SystemTrimValueRead
<LI><a href="#[41]">&gt;&gt;</a>&nbsp;&nbsp;&nbsp;RCC_HsiCalib
</UL>
<BR>[Address Reference Count : 1]<UL><LI> startup_n32wb03x.o(.text)
</UL>
<P><STRONG><a name="[34]"></a>SystemTrimValueGet</STRONG> (Thumb, 54 bytes, Stack size 8 bytes, system_n32wb03x.o(i.SystemTrimValueGet))
<BR><BR>[Stack]<UL><LI>Max Depth = 352<LI>Call Chain = SystemTrimValueGet &rArr; SystemTrimValueRead
</UL>
<BR>[Calls]<UL><LI><a href="#[42]">&gt;&gt;</a>&nbsp;&nbsp;&nbsp;SystemTrimValueRead
</UL>
<BR>[Called By]<UL><LI><a href="#[33]">&gt;&gt;</a>&nbsp;&nbsp;&nbsp;ADC_ConverValueToVoltage
</UL>

<P><STRONG><a name="[42]"></a>SystemTrimValueRead</STRONG> (Thumb, 60 bytes, Stack size 344 bytes, system_n32wb03x.o(i.SystemTrimValueRead))
<BR><BR>[Stack]<UL><LI>Max Depth = 344<LI>Call Chain = SystemTrimValueRead
</UL>
<BR>[Calls]<UL><LI><a href="#[43]">&gt;&gt;</a>&nbsp;&nbsp;&nbsp;__aeabi_memcpy
</UL>
<BR>[Called By]<UL><LI><a href="#[34]">&gt;&gt;</a>&nbsp;&nbsp;&nbsp;SystemTrimValueGet
<LI><a href="#[27]">&gt;&gt;</a>&nbsp;&nbsp;&nbsp;SystemInit
</UL>

<P><STRONG><a name="[50]"></a>USART_Enable</STRONG> (Thumb, 26 bytes, Stack size 0 bytes, n32wb03x_usart.o(i.USART_Enable))
<BR><BR>[Called By]<UL><LI><a href="#[4f]">&gt;&gt;</a>&nbsp;&nbsp;&nbsp;log_init
</UL>

<P><STRONG><a name="[4b]"></a>USART_GetFlagStatus</STRONG> (Thumb, 30 bytes, Stack size 0 bytes, n32wb03x_usart.o(i.USART_GetFlagStatus))
<BR><BR>[Called By]<UL><LI><a href="#[29]">&gt;&gt;</a>&nbsp;&nbsp;&nbsp;fputc
</UL>

<P><STRONG><a name="[44]"></a>USART_Init</STRONG> (Thumb, 162 bytes, Stack size 56 bytes, n32wb03x_usart.o(i.USART_Init))
<BR><BR>[Stack]<UL><LI>Max Depth = 68<LI>Call Chain = USART_Init &rArr; __aeabi_uidivmod
</UL>
<BR>[Calls]<UL><LI><a href="#[45]">&gt;&gt;</a>&nbsp;&nbsp;&nbsp;RCC_GetClocksFreqValue
<LI><a href="#[2e]">&gt;&gt;</a>&nbsp;&nbsp;&nbsp;__aeabi_uidivmod
</UL>
<BR>[Called By]<UL><LI><a href="#[4f]">&gt;&gt;</a>&nbsp;&nbsp;&nbsp;log_init
</UL>

<P><STRONG><a name="[4a]"></a>USART_SendData</STRONG> (Thumb, 8 bytes, Stack size 0 bytes, n32wb03x_usart.o(i.USART_SendData))
<BR><BR>[Called By]<UL><LI><a href="#[29]">&gt;&gt;</a>&nbsp;&nbsp;&nbsp;fputc
</UL>

<P><STRONG><a name="[46]"></a>__0printf$8</STRONG> (Thumb, 24 bytes, Stack size 24 bytes, printf8.o(i.__0printf$8), UNUSED)
<BR><BR>[Calls]<UL><LI><a href="#[47]">&gt;&gt;</a>&nbsp;&nbsp;&nbsp;_printf_core
</UL>

<P><STRONG><a name="[6a]"></a>__1printf$8</STRONG> (Thumb, 0 bytes, Stack size 24 bytes, printf8.o(i.__0printf$8), UNUSED)

<P><STRONG><a name="[51]"></a>__2printf</STRONG> (Thumb, 0 bytes, Stack size 24 bytes, printf8.o(i.__0printf$8))
<BR><BR>[Stack]<UL><LI>Max Depth = 24<LI>Call Chain = __2printf
</UL>
<BR>[Called By]<UL><LI><a href="#[26]">&gt;&gt;</a>&nbsp;&nbsp;&nbsp;main
</UL>

<P><STRONG><a name="[6b]"></a>__scatterload_copy</STRONG> (Thumb, 14 bytes, Stack size unknown bytes, handlers.o(i.__scatterload_copy), UNUSED)

<P><STRONG><a name="[6c]"></a>__scatterload_null</STRONG> (Thumb, 2 bytes, Stack size unknown bytes, handlers.o(i.__scatterload_null), UNUSED)

<P><STRONG><a name="[6d]"></a>__scatterload_zeroinit</STRONG> (Thumb, 14 bytes, Stack size unknown bytes, handlers.o(i.__scatterload_zeroinit), UNUSED)

<P><STRONG><a name="[29]"></a>fputc</STRONG> (Thumb, 92 bytes, Stack size 16 bytes, log.o(i.fputc))
<BR><BR>[Stack]<UL><LI>Max Depth = 16<LI>Call Chain = fputc
</UL>
<BR>[Calls]<UL><LI><a href="#[4a]">&gt;&gt;</a>&nbsp;&nbsp;&nbsp;USART_SendData
<LI><a href="#[4b]">&gt;&gt;</a>&nbsp;&nbsp;&nbsp;USART_GetFlagStatus
</UL>
<BR>[Address Reference Count : 1]<UL><LI> printf8.o(i.__0printf$8)
</UL>
<P><STRONG><a name="[4c]"></a>gpio_starup_deinit</STRONG> (Thumb, 122 bytes, Stack size 8 bytes, log.o(i.gpio_starup_deinit))
<BR><BR>[Stack]<UL><LI>Max Depth = 16<LI>Call Chain = gpio_starup_deinit &rArr; GPIO_DeInit
</UL>
<BR>[Calls]<UL><LI><a href="#[3f]">&gt;&gt;</a>&nbsp;&nbsp;&nbsp;RCC_EnableAPB2PeriphClk
<LI><a href="#[4e]">&gt;&gt;</a>&nbsp;&nbsp;&nbsp;RCC_EnableAPB1PeriphReset
<LI><a href="#[4d]">&gt;&gt;</a>&nbsp;&nbsp;&nbsp;RCC_EnableAPB1PeriphClk
<LI><a href="#[3c]">&gt;&gt;</a>&nbsp;&nbsp;&nbsp;GPIO_DeInit
<LI><a href="#[37]">&gt;&gt;</a>&nbsp;&nbsp;&nbsp;GPIO_AFIOInitDefault
<LI><a href="#[3e]">&gt;&gt;</a>&nbsp;&nbsp;&nbsp;RCC_EnableAHBPeriphClk
</UL>
<BR>[Called By]<UL><LI><a href="#[4f]">&gt;&gt;</a>&nbsp;&nbsp;&nbsp;log_init
</UL>

<P><STRONG><a name="[4f]"></a>log_init</STRONG> (Thumb, 108 bytes, Stack size 48 bytes, log.o(i.log_init))
<BR><BR>[Stack]<UL><LI>Max Depth = 116<LI>Call Chain = log_init &rArr; USART_Init &rArr; __aeabi_uidivmod
</UL>
<BR>[Calls]<UL><LI><a href="#[3f]">&gt;&gt;</a>&nbsp;&nbsp;&nbsp;RCC_EnableAPB2PeriphClk
<LI><a href="#[3a]">&gt;&gt;</a>&nbsp;&nbsp;&nbsp;GPIO_InitStruct
<LI><a href="#[3b]">&gt;&gt;</a>&nbsp;&nbsp;&nbsp;GPIO_InitPeripheral
<LI><a href="#[4c]">&gt;&gt;</a>&nbsp;&nbsp;&nbsp;gpio_starup_deinit
<LI><a href="#[44]">&gt;&gt;</a>&nbsp;&nbsp;&nbsp;USART_Init
<LI><a href="#[50]">&gt;&gt;</a>&nbsp;&nbsp;&nbsp;USART_Enable
</UL>
<BR>[Called By]<UL><LI><a href="#[26]">&gt;&gt;</a>&nbsp;&nbsp;&nbsp;main
</UL>

<P><STRONG><a name="[26]"></a>main</STRONG> (Thumb, 194 bytes, Stack size 0 bytes, main.o(i.main))
<BR><BR>[Stack]<UL><LI>Max Depth = 392<LI>Call Chain = main &rArr; ADC_ConverValueToVoltage &rArr; SystemTrimValueGet &rArr; SystemTrimValueRead
</UL>
<BR>[Calls]<UL><LI><a href="#[59]">&gt;&gt;</a>&nbsp;&nbsp;&nbsp;ADC_EnableDMA
<LI><a href="#[56]">&gt;&gt;</a>&nbsp;&nbsp;&nbsp;ADC_EnableBypassFilter
<LI><a href="#[5a]">&gt;&gt;</a>&nbsp;&nbsp;&nbsp;ADC_Enable
<LI><a href="#[33]">&gt;&gt;</a>&nbsp;&nbsp;&nbsp;ADC_ConverValueToVoltage
<LI><a href="#[58]">&gt;&gt;</a>&nbsp;&nbsp;&nbsp;ADC_ConfigContinuousMode
<LI><a href="#[57]">&gt;&gt;</a>&nbsp;&nbsp;&nbsp;ADC_ConfigChannel
<LI><a href="#[51]">&gt;&gt;</a>&nbsp;&nbsp;&nbsp;__2printf
<LI><a href="#[4f]">&gt;&gt;</a>&nbsp;&nbsp;&nbsp;log_init
<LI><a href="#[35]">&gt;&gt;</a>&nbsp;&nbsp;&nbsp;Delay_ms
<LI><a href="#[3d]">&gt;&gt;</a>&nbsp;&nbsp;&nbsp;RCC_Configuration
<LI><a href="#[39]">&gt;&gt;</a>&nbsp;&nbsp;&nbsp;GPIO_Configuration
<LI><a href="#[54]">&gt;&gt;</a>&nbsp;&nbsp;&nbsp;DMA_RequestRemap
<LI><a href="#[53]">&gt;&gt;</a>&nbsp;&nbsp;&nbsp;DMA_Init
<LI><a href="#[55]">&gt;&gt;</a>&nbsp;&nbsp;&nbsp;DMA_EnableChannel
<LI><a href="#[52]">&gt;&gt;</a>&nbsp;&nbsp;&nbsp;DMA_DeInit
</UL>
<BR>[Address Reference Count : 1]<UL><LI> entry9a.o(.ARM.Collect$$$$0000000B)
</UL>
<P><STRONG><a name="[36]"></a>system_delay_n_10us</STRONG> (Thumb, 16 bytes, Stack size 8 bytes, system_n32wb03x.o(i.system_delay_n_10us))
<BR><BR>[Stack]<UL><LI>Max Depth = 8<LI>Call Chain = system_delay_n_10us
</UL>
<BR>[Calls]<UL><LI><a href="#[2c]">&gt;&gt;</a>&nbsp;&nbsp;&nbsp;system_delay_cycles
</UL>
<BR>[Called By]<UL><LI><a href="#[35]">&gt;&gt;</a>&nbsp;&nbsp;&nbsp;Delay_ms
</UL>
<P>
<H3>
Local Symbols
</H3>
<P><STRONG><a name="[41]"></a>RCC_HsiCalib</STRONG> (Thumb, 242 bytes, Stack size 56 bytes, system_n32wb03x.o(i.RCC_HsiCalib))
<BR><BR>[Stack]<UL><LI>Max Depth = 56<LI>Call Chain = RCC_HsiCalib
</UL>
<BR>[Calls]<UL><LI><a href="#[2c]">&gt;&gt;</a>&nbsp;&nbsp;&nbsp;system_delay_cycles
</UL>
<BR>[Called By]<UL><LI><a href="#[27]">&gt;&gt;</a>&nbsp;&nbsp;&nbsp;SystemInit
</UL>

<P><STRONG><a name="[47]"></a>_printf_core</STRONG> (Thumb, 1020 bytes, Stack size 104 bytes, printf8.o(i._printf_core), UNUSED)
<BR><BR>[Calls]<UL><LI><a href="#[48]">&gt;&gt;</a>&nbsp;&nbsp;&nbsp;_printf_pre_padding
<LI><a href="#[49]">&gt;&gt;</a>&nbsp;&nbsp;&nbsp;_printf_post_padding
<LI><a href="#[2f]">&gt;&gt;</a>&nbsp;&nbsp;&nbsp;__aeabi_uldivmod
</UL>
<BR>[Called By]<UL><LI><a href="#[46]">&gt;&gt;</a>&nbsp;&nbsp;&nbsp;__0printf$8
</UL>

<P><STRONG><a name="[49]"></a>_printf_post_padding</STRONG> (Thumb, 32 bytes, Stack size 24 bytes, printf8.o(i._printf_post_padding), UNUSED)
<BR><BR>[Called By]<UL><LI><a href="#[47]">&gt;&gt;</a>&nbsp;&nbsp;&nbsp;_printf_core
</UL>

<P><STRONG><a name="[48]"></a>_printf_pre_padding</STRONG> (Thumb, 44 bytes, Stack size 40 bytes, printf8.o(i._printf_pre_padding), UNUSED)
<BR><BR>[Called By]<UL><LI><a href="#[47]">&gt;&gt;</a>&nbsp;&nbsp;&nbsp;_printf_core
</UL>
<P>
<H3>
Undefined Global Symbols
</H3><HR></body></html>
