<html>
<body>
<pre>
<h1>µVision Build Log</h1>
<h2>Tool Versions:</h2>
IDE-Version: ¦ÌVision V5.25.2.0
Copyright (C) 2018 ARM Ltd and ARM Germany GmbH. All rights reserved.
License Information: 1445 71752, 141, LIC=Z3C6R-KCJ70-INUA7-E71DM-Q66JR-WNQXD
 
Tool Versions:
Toolchain:       MDK-ARM Professional  Version: 5.25.2.0
Toolchain Path:  C:\Keil\ARM\ARMCC\Bin
C Compiler:      Armcc.exe V5.06 update 6 (build 750)
Assembler:       Armasm.exe V5.06 update 6 (build 750)
Linker/Locator:  ArmLink.exe V5.06 update 6 (build 750)
Library Manager: ArmAr.exe V5.06 update 6 (build 750)
Hex Converter:   FromElf.exe V5.06 update 6 (build 750)
CPU DLL:         SARMCM3.DLL V5.25.2.0
Dialog DLL:      DARMCM1.DLL V1.19.1.0
Target DLL:      CMSIS_AGDI.dll V1.29.10.0
Dialog DLL:      TARMCM1.DLL V1.14.0.0
 
<h2>Project:</h2>
c:\Users\14674\Desktop\N32WB03x_1.3.3\N32WB03x_1.3.3\5-Software Development Kit\N32WB03x_SDK_V1.3.3\projects\n32wb03x_EVAL\peripheral\RTC\Calendar\MDK-ARM\Calendar.uvprojx
Project File Date:  11/05/2025

<h2>Output:</h2>
*** Using Compiler 'V5.06 update 6 (build 750)', folder: 'C:\Keil\ARM\ARMCC\Bin'
Build target 'N32WB03X'
assembling startup_n32wb03x.s...
compiling n32wb03x_gpio.c...
compiling n32wb03x_exti.c...
compiling misc.c...
compiling system_n32wb03x.c...
compiling n32wb03x_rtc.c...
compiling n32wb03x_usart.c...
compiling n32wb03x_rcc.c...
compiling main.c...
compiling log.c...
compiling n32wb03x_tim.c...
compiling n32wb03x_it.c...
linking...
Program Size: Code=13880 RO-data=704 RW-data=36 ZI-data=2132  
FromELF: creating hex file...
After Build - User command #1: fromelf --bin --output=.\bin\Calendar.bin .\Objects\Calendar.axf
".\Objects\Calendar.axf" - 0 Error(s), 0 Warning(s).

<h2>Software Packages used:</h2>

Package Vendor: Nationstech
                http://www.keil.com/pack/Nationstech.N32WB03X_DFP.1.1.0.pack
                Nationstech.N32WB03X_DFP.1.1.0
                Nationstech N32WB03x Series Device Support, Drivers and Examples

<h2>Collection of Component include folders:</h2>
  .\RTE\_N32WB03X
  C:\Keil\ARM\PACK\Nationstech\N32WB03X_DFP\1.1.0\firmware\CMSIS\device

<h2>Collection of Component Files used:</h2>
Build Time Elapsed:  00:00:44
</pre>
</body>
</html>
